<html>
<body>
<pre>
<h1>µVision Build Log</h1>
<h2>Tool Versions:</h2>
IDE-Version: ¦ÌVision V5.12.0.0
Copyright (C) 2014 ARM Ltd and ARM Germany GmbH. All rights reserved.
License Information: Suna Microsoft, Microsoft, LIC=MPPFW-Q0EC9-Y7SRW-QPV6K-J0CQ8-JWNFY
 
Tool Versions:
Toolchain:       MDK-ARM Standard  Version: 5.12.0.0
Toolchain Path:  D:\Keil_v5\ARM\ARMCC\Bin
C Compiler:      Armcc.exe V5.05 (build 41)
Assembler:       Armasm.exe V5.05 (build 41)
Linker/Locator:  ArmLink.exe V5.05 (build 41)
Library Manager: ArmAr.exe V5.05 (build 41)
Hex Converter:   FromElf.exe V5.05 (build 41)
CPU DLL:         SARMCM3.DLL V5.12.0.0
Dialog DLL:      DCM.DLL V1.13.0.0
    Target DLL: STLink\ST-LINKIII-KEIL_SWO.dll
Dialog DLL:      TCM.DLL V1.14.2.0
 
<h2>Project:</h2>
F:\MyProjects\MDK_STM32F429\ATK-RM04\01-STM32F4xx_Keil_CMSIS_USB_Default_Project\project.uvprojx
Project File Date:  01/15/2015

<h2>Output:</h2>
Rebuild target 'STM32F429-Discovery'
compiling main.c...
compiling hardware_init.c...
compiling configuration.c...
compiling stm_ISRConfig.c...
compiling stm32f4xx_it.c...
compiling system_stm32f4xx.c...
compiling stm_delay.c...
compiling bsp_usart.c...
compiling stm32f429i_discovery.c...
compiling stm32f429i_discovery_lcd.c...
compiling stm32f429i_discovery_sdram.c...
assembling startup_stm32f429_439xx.s...
compiling misc.c...
compiling stm32f4xx_rcc.c...
compiling stm32f4xx_gpio.c...
compiling stm32f4xx_tim.c...
compiling stm32f4xx_usart.c...
compiling stm32f4xx_spi.c...
compiling stm32f4xx_dma2d.c...
compiling stm32f4xx_ltdc.c...
compiling stm32f4xx_fmc.c...
compiling stm32f4xx_dma.c...
compiling stm32f4xx_i2c.c...
compiling stm32f4xx_exti.c...
compiling stm32f4xx_adc.c...
compiling stm32f4xx_syscfg.c...
linking...
Program Size: Code=18256 RO-data=5048 RW-data=80 ZI-data=1024  
FromELF: creating hex file...
".\Targets\STM32F429_Discovery\project.axf" - 0 Error(s), 0 Warning(s).

<h2>Collection of Component include folders:</h2>
  F:\MyProjects\MDK_STM32F429\ATK-RM04\01-STM32F4xx_Keil_CMSIS_USB_Default_Project\RTE
  D:\Keil_v5\ARM\PACK\Keil\STM32F4xx_DFP\2.2.0\Drivers\CMSIS\Device\ST\STM32F4xx\Include

<h2>Collection of Component Files used:</h2>
Load "F:\\MyProjects\\MDK_STM32F429\\ATK-RM04\\01-STM32F4xx_Keil_CMSIS_USB_Default_Project\\Targets\\STM32F429_Discovery\\project.axf" 
Erase Done.
Programming Done.
Verify OK.
Application running ...
