Component: ARM Compiler 5.05 (build 41) Tool: armlink [4d0eb9]

==============================================================================

Section Cross References

    main.o(.text) refers to stm32f4xx_rcc.o(.text) for RCC_AHB1PeriphClockCmd
    main.o(.text) refers to stm32f4xx_dma.o(.text) for DMA_Init
    main.o(.text) refers to stm32f4xx_gpio.o(.text) for GPIO_Init
    main.o(.text) refers to stm32f4xx_adc.o(.text) for ADC_CommonInit
    main.o(.text) refers to dfltui.o(.text) for __aeabi_ui2d
    main.o(.text) refers to dmul.o(.text) for __aeabi_dmul
    main.o(.text) refers to dfixui.o(.text) for __aeabi_d2uiz
    main.o(.text) refers to stm32f429i_discovery_lcd.o(.text) for LCD_SetTextColor
    main.o(.text) refers to configuration.o(.text) for SysInit
    main.o(.text) refers to stm32f4xx_ltdc.o(.text) for LTDC_Cmd
    main.o(.text) refers to printf6.o(i.__0sprintf$6) for __2sprintf
    main.o(.text) refers to main.o(.data) for .data
    main.o(.text) refers to stm32f429i_discovery_lcd.o(.data) for Font16x24
    hardware_init.o(.text) refers to configuration.o(.text) for SysInit
    hardware_init.o(.text) refers to bsp_usart.o(.text) for DBG_InitUart
    hardware_init.o(.text) refers to stm_delay.o(.text) for delay_init
    configuration.o(.text) refers to stm32f4xx_rcc.o(.text) for RCC_DeInit
    configuration.o(.text) refers to stm32f4xx_gpio.o(.text) for GPIO_Init
    configuration.o(.text) refers to stm32f4xx_usart.o(.text) for USART_Init
    configuration.o(.text) refers to misc_1.o(.text) for NVIC_PriorityGroupConfig
    stm_isrconfig.o(.text) refers to misc_1.o(.text) for NVIC_PriorityGroupConfig
    stm_isrconfig.o(.text) refers to stm32f4xx_usart.o(.text) for USART_ITConfig
    stm32f4xx_it.o(.text) refers to stm32f4xx_usart.o(.text) for USART_GetFlagStatus
    system_stm32f4xx.o(.text) refers to system_stm32f4xx.o(.data) for .data
    stm_delay.o(.text) refers to misc_1.o(.text) for SysTick_CLKSourceConfig
    stm_delay.o(.text) refers to stm32f4xx_rcc.o(.text) for RCC_GetClocksFreq
    stm_delay.o(.text) refers to printf6.o(i.__0printf$6) for __2printf
    stm_delay.o(.text) refers to stm_delay.o(.data) for .data
    bsp_usart.o(.text) refers to stm32f4xx_rcc.o(.text) for RCC_AHB1PeriphClockCmd
    bsp_usart.o(.text) refers to stm32f4xx_gpio.o(.text) for GPIO_PinAFConfig
    bsp_usart.o(.text) refers to stm32f4xx_usart.o(.text) for USART_Init
    bsp_usart.o(.text) refers to strlen.o(.text) for strlen
    bsp_usart.o(.text) refers to bsp_usart.o(.constdata) for .constdata
    bsp_usart.o(.text) refers to bsp_usart.o(.data) for .data
    stm32f429i_discovery.o(.text) refers to stm32f4xx_rcc.o(.text) for RCC_AHB1PeriphClockCmd
    stm32f429i_discovery.o(.text) refers to stm32f4xx_gpio.o(.text) for GPIO_Init
    stm32f429i_discovery.o(.text) refers to stm32f4xx_syscfg.o(.text) for SYSCFG_EXTILineConfig
    stm32f429i_discovery.o(.text) refers to stm32f4xx_exti.o(.text) for EXTI_Init
    stm32f429i_discovery.o(.text) refers to misc_1.o(.text) for NVIC_Init
    stm32f429i_discovery.o(.text) refers to stm32f4xx_i2c.o(.text) for I2C_Cmd
    stm32f429i_discovery.o(.text) refers to stm32f4xx_dma.o(.text) for DMA_Cmd
    stm32f429i_discovery.o(.text) refers to stm32f429i_discovery.o(.constdata) for .constdata
    stm32f429i_discovery.o(.text) refers to stm32f429i_discovery.o(.data) for .data
    stm32f429i_discovery.o(.text) refers to stm32f429i_discovery.o(.bss) for .bss
    stm32f429i_discovery_lcd.o(.text) refers to stm32f4xx_gpio.o(.text) for GPIO_SetBits
    stm32f429i_discovery_lcd.o(.text) refers to stm32f4xx_spi.o(.text) for SPI_I2S_SendData
    stm32f429i_discovery_lcd.o(.text) refers to stm32f4xx_rcc.o(.text) for RCC_APB2PeriphClockCmd
    stm32f429i_discovery_lcd.o(.text) refers to stm32f429i_discovery_sdram.o(.text) for SDRAM_Init
    stm32f429i_discovery_lcd.o(.text) refers to stm32f4xx_ltdc.o(.text) for LTDC_Init
    stm32f429i_discovery_lcd.o(.text) refers to stm32f429i_discovery_lcd.o(.data) for .data
    stm32f429i_discovery_lcd.o(.text) refers to stm32f4xx_dma2d.o(.text) for DMA2D_DeInit
    stm32f429i_discovery_lcd.o(.data) refers to stm32f429i_discovery_lcd.o(.constdata) for ASCII16x24_Table
    stm32f429i_discovery_lcd.o(.data) refers to stm32f429i_discovery_lcd.o(.constdata) for ASCII12x12_Table
    stm32f429i_discovery_lcd.o(.data) refers to stm32f429i_discovery_lcd.o(.constdata) for ASCII8x12_Table
    stm32f429i_discovery_lcd.o(.data) refers to stm32f429i_discovery_lcd.o(.constdata) for ASCII8x8_Table
    stm32f429i_discovery_sdram.o(.text) refers to stm32f4xx_fmc.o(.text) for FMC_GetFlagStatus
    stm32f429i_discovery_sdram.o(.text) refers to stm32f4xx_rcc.o(.text) for RCC_AHB1PeriphClockCmd
    stm32f429i_discovery_sdram.o(.text) refers to stm32f4xx_gpio.o(.text) for GPIO_PinAFConfig
    startup_stm32f429_439xx.o(RESET) refers to startup_stm32f429_439xx.o(STACK) for __initial_sp
[...]
    printf7.o(i.__0sprintf$7) refers to printf7.o(i._sputc) for _sputc
    printf7.o(i.__0vfprintf$7) refers to printf7.o(i._printf_core) for _printf_core
    printf7.o(i.__0vfprintf$7) refers to bsp_usart.o(.text) for fputc
    printf7.o(i.__0vprintf$7) refers to printf7.o(i._printf_core) for _printf_core
    printf7.o(i.__0vprintf$7) refers to bsp_usart.o(.text) for fputc
    printf7.o(i.__0vprintf$7) refers to stdout.o(.data) for __stdout
    printf7.o(i.__0vsnprintf$7) refers to printf7.o(i._printf_core) for _printf_core
    printf7.o(i.__0vsnprintf$7) refers to printf7.o(i._snputc) for _snputc
    printf7.o(i.__0vsprintf$7) refers to printf7.o(i._printf_core) for _printf_core
    printf7.o(i.__0vsprintf$7) refers to printf7.o(i._sputc) for _sputc
    printf7.o(i._printf_core) refers to printf7.o(i._printf_pre_padding) for _printf_pre_padding
    printf7.o(i._printf_core) refers to uldiv.o(.text) for __aeabi_uldivmod
    printf7.o(i._printf_core) refers to printf7.o(i._printf_post_padding) for _printf_post_padding
    printf8.o(i.__0fprintf$8) refers to printf8.o(i._printf_core) for _printf_core
    printf8.o(i.__0fprintf$8) refers to bsp_usart.o(.text) for fputc
    printf8.o(i.__0printf$8) refers to printf8.o(i._printf_core) for _printf_core
    printf8.o(i.__0printf$8) refers to bsp_usart.o(.text) for fputc
    printf8.o(i.__0printf$8) refers to stdout.o(.data) for __stdout
    printf8.o(i.__0snprintf$8) refers to printf8.o(i._printf_core) for _printf_core
    printf8.o(i.__0snprintf$8) refers to printf8.o(i._snputc) for _snputc
    printf8.o(i.__0sprintf$8) refers to printf8.o(i._printf_core) for _printf_core
    printf8.o(i.__0sprintf$8) refers to printf8.o(i._sputc) for _sputc
    printf8.o(i.__0vfprintf$8) refers to printf8.o(i._printf_core) for _printf_core
    printf8.o(i.__0vfprintf$8) refers to bsp_usart.o(.text) for fputc
    printf8.o(i.__0vprintf$8) refers to printf8.o(i._printf_core) for _printf_core
    printf8.o(i.__0vprintf$8) refers to bsp_usart.o(.text) for fputc
    printf8.o(i.__0vprintf$8) refers to stdout.o(.data) for __stdout
    printf8.o(i.__0vsnprintf$8) refers to printf8.o(i._printf_core) for _printf_core
    printf8.o(i.__0vsnprintf$8) refers to printf8.o(i._snputc) for _snputc
    printf8.o(i.__0vsprintf$8) refers to printf8.o(i._printf_core) for _printf_core
    printf8.o(i.__0vsprintf$8) refers to printf8.o(i._sputc) for _sputc
    printf8.o(i._printf_core) refers to printf8.o(i._printf_pre_padding) for _printf_pre_padding
    printf8.o(i._printf_core) refers to uldiv.o(.text) for __aeabi_uldivmod
    printf8.o(i._printf_core) refers to printf8.o(i._printf_post_padding) for _printf_post_padding
    printfa.o(i.__0fprintf) refers (Special) to iusefp.o(.text) for __I$use$fp
    printfa.o(i.__0fprintf) refers to printfa.o(i._printf_core) for _printf_core
    printfa.o(i.__0fprintf) refers to bsp_usart.o(.text) for fputc
    printfa.o(i.__0printf) refers (Special) to iusefp.o(.text) for __I$use$fp
    printfa.o(i.__0printf) refers to printfa.o(i._printf_core) for _printf_core
    printfa.o(i.__0printf) refers to bsp_usart.o(.text) for fputc
    printfa.o(i.__0printf) refers to stdout.o(.data) for __stdout
    printfa.o(i.__0snprintf) refers (Special) to iusefp.o(.text) for __I$use$fp
    printfa.o(i.__0snprintf) refers to printfa.o(i._printf_core) for _printf_core
    printfa.o(i.__0snprintf) refers to printfa.o(i._snputc) for _snputc
    printfa.o(i.__0sprintf) refers (Special) to iusefp.o(.text) for __I$use$fp
    printfa.o(i.__0sprintf) refers to printfa.o(i._printf_core) for _printf_core
    printfa.o(i.__0sprintf) refers to printfa.o(i._sputc) for _sputc
    printfa.o(i.__0vfprintf) refers (Special) to iusefp.o(.text) for __I$use$fp
    printfa.o(i.__0vfprintf) refers to printfa.o(i._printf_core) for _printf_core
    printfa.o(i.__0vfprintf) refers to bsp_usart.o(.text) for fputc
    printfa.o(i.__0vprintf) refers (Special) to iusefp.o(.text) for __I$use$fp
    printfa.o(i.__0vprintf) refers to printfa.o(i._printf_core) for _printf_core
    printfa.o(i.__0vprintf) refers to bsp_usart.o(.text) for fputc
    printfa.o(i.__0vprintf) refers to stdout.o(.data) for __stdout
    printfa.o(i.__0vsnprintf) refers (Special) to iusefp.o(.text) for __I$use$fp
    printfa.o(i.__0vsnprintf) refers to printfa.o(i._printf_core) for _printf_core
    printfa.o(i.__0vsnprintf) refers to printfa.o(i._snputc) for _snputc
    printfa.o(i.__0vsprintf) refers (Special) to iusefp.o(.text) for __I$use$fp
    printfa.o(i.__0vsprintf) refers to printfa.o(i._printf_core) for _printf_core
    printfa.o(i.__0vsprintf) refers to printfa.o(i._sputc) for _sputc
    printfa.o(i._fp_digits) refers (Special) to iusefp.o(.text) for __I$use$fp
    printfa.o(i._fp_digits) refers to dmul.o(.text) for __aeabi_dmul
    printfa.o(i._fp_digits) refers to ddiv.o(.text) for __aeabi_ddiv
    printfa.o(i._fp_digits) refers to cdrcmple.o(.text) for __aeabi_cdrcmple
    printfa.o(i._fp_digits) refers to dadd.o(.text) for __aeabi_dadd
    printfa.o(i._fp_digits) refers to dfixul.o(.text) for __aeabi_d2ulz
    printfa.o(i._fp_digits) refers to uldiv.o(.text) for __aeabi_uldivmod
    printfa.o(i._printf_core) refers (Special) to iusefp.o(.text) for __I$use$fp
    printfa.o(i._printf_core) refers to printfa.o(i._printf_pre_padding) for _printf_pre_padding
    printfa.o(i._printf_core) refers to uldiv.o(.text) for __aeabi_uldivmod
    printfa.o(i._printf_core) refers to printfa.o(i._printf_post_padding) for _printf_post_padding
    printfa.o(i._printf_core) refers to printfa.o(i._fp_digits) for _fp_digits
    printfa.o(i._printf_core) refers to uidiv.o(.text) for __aeabi_uidivmod
    printfa.o(i._printf_post_padding) refers (Special) to iusefp.o(.text) for __I$use$fp
    printfa.o(i._printf_pre_padding) refers (Special) to iusefp.o(.text) for __I$use$fp
    printfa.o(i._snputc) refers (Special) to iusefp.o(.text) for __I$use$fp
    printfa.o(i._sputc) refers (Special) to iusefp.o(.text) for __I$use$fp
    dmul.o(.text) refers (Special) to iusefp.o(.text) for __I$use$fp
    dmul.o(.text) refers to depilogue.o(.text) for _double_epilogue
    dfltui.o(.text) refers (Special) to iusefp.o(.text) for __I$use$fp
    dfltui.o(.text) refers to depilogue.o(.text) for _double_epilogue
    dfixui.o(.text) refers (Special) to iusefp.o(.text) for __I$use$fp
    dfixui.o(.text) refers to llushr.o(.text) for __aeabi_llsr
    entry2.o(.ARM.Collect$$$$00000001) refers to entry2.o(.ARM.Collect$$$$00002712) for __lit__00000000
    entry2.o(.ARM.Collect$$$$00002712) refers to startup_stm32f429_439xx.o(STACK) for __initial_sp
    entry2.o(__vectab_stack_and_reset_area) refers to startup_stm32f429_439xx.o(STACK) for __initial_sp
    entry2.o(__vectab_stack_and_reset_area) refers to entry.o(.ARM.Collect$$$$00000000) for __main
    entry5.o(.ARM.Collect$$$$00000004) refers to init.o(.text) for __scatterload
    entry9a.o(.ARM.Collect$$$$0000000B) refers to main.o(.text) for main
    entry9b.o(.ARM.Collect$$$$0000000C) refers to main.o(.text) for main
    uldiv.o(.text) refers to llushr.o(.text) for __aeabi_llsr
    uldiv.o(.text) refers to llshl.o(.text) for __aeabi_llsl
    depilogue.o(.text) refers to llshl.o(.text) for __aeabi_llsl
    depilogue.o(.text) refers to llushr.o(.text) for __aeabi_llsr
    dadd.o(.text) refers to llshl.o(.text) for __aeabi_llsl
    dadd.o(.text) refers to llsshr.o(.text) for __aeabi_lasr
    dadd.o(.text) refers to depilogue.o(.text) for _double_epilogue
    ddiv.o(.text) refers to depilogue.o(.text) for _double_round
    dfixul.o(.text) refers to llushr.o(.text) for __aeabi_llsr
    dfixul.o(.text) refers to llshl.o(.text) for __aeabi_llsl
    init.o(.text) refers to entry5.o(.ARM.Collect$$$$00000004) for __main_after_scatterload


==============================================================================

Removing Unused input sections from the image.

    Removing main.o(.rev16_text), (4 bytes).
    Removing main.o(.revsh_text), (4 bytes).
    Removing hardware_init.o(.rev16_text), (4 bytes).
    Removing hardware_init.o(.revsh_text), (4 bytes).
    Removing hardware_init.o(.text), (24 bytes).
    Removing configuration.o(.rev16_text), (4 bytes).
    Removing configuration.o(.revsh_text), (4 bytes).
    Removing stm_isrconfig.o(.rev16_text), (4 bytes).
    Removing stm_isrconfig.o(.revsh_text), (4 bytes).
    Removing stm_isrconfig.o(.text), (84 bytes).
    Removing stm32f4xx_it.o(.rev16_text), (4 bytes).
    Removing stm32f4xx_it.o(.revsh_text), (4 bytes).
    Removing system_stm32f4xx.o(.rev16_text), (4 bytes).
    Removing system_stm32f4xx.o(.revsh_text), (4 bytes).
    Removing stm_delay.o(.rev16_text), (4 bytes).
    Removing stm_delay.o(.revsh_text), (4 bytes).
    Removing stm_delay.o(.text), (264 bytes).
    Removing stm_delay.o(.data), (4 bytes).
    Removing bsp_usart.o(.rev16_text), (4 bytes).
    Removing bsp_usart.o(.revsh_text), (4 bytes).
    Removing bsp_usart.o(.text), (424 bytes).
    Removing bsp_usart.o(.constdata), (72 bytes).
    Removing bsp_usart.o(.data), (36 bytes).
    Removing stm32f429i_discovery.o(.rev16_text), (4 bytes).
    Removing stm32f429i_discovery.o(.revsh_text), (4 bytes).
    Removing stm32f429i_discovery.o(.text), (796 bytes).
    Removing stm32f429i_discovery.o(.bss), (60 bytes).
    Removing stm32f429i_discovery.o(.constdata), (24 bytes).
    Removing stm32f429i_discovery.o(.data), (16 bytes).
    Removing stm32f429i_discovery_lcd.o(.rev16_text), (4 bytes).
    Removing stm32f429i_discovery_lcd.o(.revsh_text), (4 bytes).
    Removing stm32f429i_discovery_lcd.o(.constdata), (2304 bytes).
    Removing stm32f429i_discovery_lcd.o(.constdata), (2304 bytes).
    Removing stm32f429i_discovery_lcd.o(.constdata), (1536 bytes).
    Removing stm32f429i_discovery_lcd.o(.data), (8 bytes).
    Removing stm32f429i_discovery_lcd.o(.data), (8 bytes).
    Removing stm32f429i_discovery_lcd.o(.data), (8 bytes).
    Removing stm32f429i_discovery_sdram.o(.rev16_text), (4 bytes).
    Removing stm32f429i_discovery_sdram.o(.revsh_text), (4 bytes).
    Removing startup_stm32f429_439xx.o(HEAP), (512 bytes).
    Removing misc_1.o(.rev16_text), (4 bytes).
    Removing misc_1.o(.revsh_text), (4 bytes).
    Removing stm32f4xx_rcc.o(.rev16_text), (4 bytes).
    Removing stm32f4xx_rcc.o(.revsh_text), (4 bytes).
    Removing stm32f4xx_gpio.o(.rev16_text), (4 bytes).
    Removing stm32f4xx_gpio.o(.revsh_text), (4 bytes).
    Removing stm32f4xx_tim.o(.rev16_text), (4 bytes).
    Removing stm32f4xx_tim.o(.revsh_text), (4 bytes).
    Removing stm32f4xx_tim.o(.text), (2524 bytes).
    Removing stm32f4xx_usart.o(.rev16_text), (4 bytes).
    Removing stm32f4xx_usart.o(.revsh_text), (4 bytes).
    Removing stm32f4xx_spi.o(.rev16_text), (4 bytes).
    Removing stm32f4xx_spi.o(.revsh_text), (4 bytes).
    Removing stm32f4xx_dma2d.o(.rev16_text), (4 bytes).
    Removing stm32f4xx_dma2d.o(.revsh_text), (4 bytes).
    Removing stm32f4xx_ltdc.o(.rev16_text), (4 bytes).
    Removing stm32f4xx_ltdc.o(.revsh_text), (4 bytes).
    Removing stm32f4xx_fmc.o(.rev16_text), (4 bytes).
    Removing stm32f4xx_fmc.o(.revsh_text), (4 bytes).
    Removing stm32f4xx_dma.o(.rev16_text), (4 bytes).
    Removing stm32f4xx_dma.o(.revsh_text), (4 bytes).
    Removing stm32f4xx_i2c.o(.rev16_text), (4 bytes).
    Removing stm32f4xx_i2c.o(.revsh_text), (4 bytes).
    Removing stm32f4xx_i2c.o(.text), (864 bytes).
    Removing stm32f4xx_exti.o(.rev16_text), (4 bytes).
    Removing stm32f4xx_exti.o(.revsh_text), (4 bytes).
    Removing stm32f4xx_exti.o(.text), (224 bytes).
    Removing stm32f4xx_adc.o(.rev16_text), (4 bytes).
    Removing stm32f4xx_adc.o(.revsh_text), (4 bytes).
    Removing stm32f4xx_syscfg.o(.rev16_text), (4 bytes).
    Removing stm32f4xx_syscfg.o(.revsh_text), (4 bytes).
    Removing stm32f4xx_syscfg.o(.text), (124 bytes).
    Removing dadd.o(.text), (334 bytes).
    Removing ddiv.o(.text), (222 bytes).
    Removing dfixul.o(.text), (48 bytes).
    Removing cdrcmple.o(.text), (48 bytes).

76 unused section(s) (total 13072 bytes) removed from the image.

==============================================================================

Image Symbol Table

    Local Symbols

    Symbol Name                              Value     Ov Type        Size  Object(Section)

    ../clib/microlib/division.c              0x00000000   Number         0  uidiv.o ABSOLUTE
    ../clib/microlib/division.c              0x00000000   Number         0  uldiv.o ABSOLUTE
    ../clib/microlib/init/entry.s            0x00000000   Number         0  entry11a.o ABSOLUTE
    ../clib/microlib/init/entry.s            0x00000000   Number         0  entry5.o ABSOLUTE
    ../clib/microlib/init/entry.s            0x00000000   Number         0  entry9a.o ABSOLUTE
    ../clib/microlib/init/entry.s            0x00000000   Number         0  entry.o ABSOLUTE
    ../clib/microlib/init/entry.s            0x00000000   Number         0  entry8b.o ABSOLUTE
    ../clib/microlib/init/entry.s            0x00000000   Number         0  entry11b.o ABSOLUTE
    ../clib/microlib/init/entry.s            0x00000000   Number         0  entry2.o ABSOLUTE
    ../clib/microlib/init/entry.s            0x00000000   Number         0  entry10b.o ABSOLUTE
    ../clib/microlib/init/entry.s            0x00000000   Number         0  entry10a.o ABSOLUTE
    ../clib/microlib/init/entry.s            0x00000000   Number         0  entry9b.o ABSOLUTE
    ../clib/microlib/init/entry.s            0x00000000   Number         0  entry8a.o ABSOLUTE
    ../clib/microlib/init/entry.s            0x00000000   Number         0  entry7b.o ABSOLUTE
    ../clib/microlib/init/entry.s            0x00000000   Number         0  entry7a.o ABSOLUTE
    ../clib/microlib/longlong.c              0x00000000   Number         0  llsshr.o ABSOLUTE
    ../clib/microlib/longlong.c              0x00000000   Number         0  llshl.o ABSOLUTE
    ../clib/microlib/longlong.c              0x00000000   Number         0  llushr.o ABSOLUTE
    ../clib/microlib/printf/printf.c         0x00000000   Number         0  printf4.o ABSOLUTE
    ../clib/microlib/printf/printf.c         0x00000000   Number         0  printf3.o ABSOLUTE
    ../clib/microlib/printf/printf.c         0x00000000   Number         0  printf2.o ABSOLUTE
    ../clib/microlib/printf/printf.c         0x00000000   Number         0  printf0.o ABSOLUTE
    ../clib/microlib/printf/printf.c         0x00000000   Number         0  printfb.o ABSOLUTE
    ../clib/microlib/printf/printf.c         0x00000000   Number         0  printf5.o ABSOLUTE
    ../clib/microlib/printf/printf.c         0x00000000   Number         0  printf8.o ABSOLUTE
    ../clib/microlib/printf/printf.c         0x00000000   Number         0  printf1.o ABSOLUTE
    ../clib/microlib/printf/printf.c         0x00000000   Number         0  printf7.o ABSOLUTE
    ../clib/microlib/printf/printf.c         0x00000000   Number         0  printfa.o ABSOLUTE
    ../clib/microlib/printf/printf.c         0x00000000   Number         0  printf6.o ABSOLUTE
    ../clib/microlib/printf/stubs.s          0x00000000   Number         0  stubs.o ABSOLUTE
    ../clib/microlib/stdio/streams.c         0x00000000   Number         0  stdout.o ABSOLUTE
    ../clib/microlib/string/strlen.c         0x00000000   Number         0  strlen.o ABSOLUTE
    ../clib/microlib/stubs.s                 0x00000000   Number         0  iusefp.o ABSOLUTE
    ../clib/microlib/stubs.s                 0x00000000   Number         0  useno.o ABSOLUTE
    ../fplib/microlib/fpadd.c                0x00000000   Number         0  dadd.o ABSOLUTE
    ../fplib/microlib/fpdiv.c                0x00000000   Number         0  ddiv.o ABSOLUTE
    ../fplib/microlib/fpepilogue.c           0x00000000   Number         0  depilogue.o ABSOLUTE
    ../fplib/microlib/fpfix.c                0x00000000   Number         0  dfixul.o ABSOLUTE
    ../fplib/microlib/fpfix.c                0x00000000   Number         0  dfixui.o ABSOLUTE
    ../fplib/microlib/fpflt.c                0x00000000   Number         0  dfltui.o ABSOLUTE
    ../fplib/microlib/fpmul.c                0x00000000   Number         0  dmul.o ABSOLUTE
    ..\00-STM32F429_LIBRARIES\stm32f429i_discovery.c 0x00000000   Number         0  stm32f429i_discovery.o ABSOLUTE
    ..\00-STM32F429_LIBRARIES\stm32f429i_discovery_lcd.c 0x00000000   Number         0  stm32f429i_discovery_lcd.o ABSOLUTE
    ..\00-STM32F429_LIBRARIES\stm32f429i_discovery_sdram.c 0x00000000   Number         0  stm32f429i_discovery_sdram.o ABSOLUTE
    ..\00-STM32F4xx_STANDARD_PERIPHERAL_DRIVERS\CMSIS\Device\ST\STM32F4xx\Source\Templates\arm\startup_stm32f429_439xx.s 0x00000000   Number         0  startup_stm32f429_439xx.o ABSOLUTE
    ..\00-STM32F4xx_STANDARD_PERIPHERAL_DRIVERS\STM32F4xx_StdPeriph_Driver\src\misc.c 0x00000000   Number         0  misc_1.o ABSOLUTE
    ..\00-STM32F4xx_STANDARD_PERIPHERAL_DRIVERS\STM32F4xx_StdPeriph_Driver\src\stm32f4xx_adc.c 0x00000000   Number         0  stm32f4xx_adc.o ABSOLUTE
    ..\00-STM32F4xx_STANDARD_PERIPHERAL_DRIVERS\STM32F4xx_StdPeriph_Driver\src\stm32f4xx_dma.c 0x00000000   Number         0  stm32f4xx_dma.o ABSOLUTE
    ..\00-STM32F4xx_STANDARD_PERIPHERAL_DRIVERS\STM32F4xx_StdPeriph_Driver\src\stm32f4xx_dma2d.c 0x00000000   Number         0  stm32f4xx_dma2d.o ABSOLUTE
    ..\00-STM32F4xx_STANDARD_PERIPHERAL_DRIVERS\STM32F4xx_StdPeriph_Driver\src\stm32f4xx_exti.c 0x00000000   Number         0  stm32f4xx_exti.o ABSOLUTE
    ..\00-STM32F4xx_STANDARD_PERIPHERAL_DRIVERS\STM32F4xx_StdPeriph_Driver\src\stm32f4xx_fmc.c 0x00000000   Number         0  stm32f4xx_fmc.o ABSOLUTE
    ..\00-STM32F4xx_STANDARD_PERIPHERAL_DRIVERS\STM32F4xx_StdPeriph_Driver\src\stm32f4xx_gpio.c 0x00000000   Number         0  stm32f4xx_gpio.o ABSOLUTE
    ..\00-STM32F4xx_STANDARD_PERIPHERAL_DRIVERS\STM32F4xx_StdPeriph_Driver\src\stm32f4xx_i2c.c 0x00000000   Number         0  stm32f4xx_i2c.o ABSOLUTE
    ..\00-STM32F4xx_STANDARD_PERIPHERAL_DRIVERS\STM32F4xx_StdPeriph_Driver\src\stm32f4xx_ltdc.c 0x00000000   Number         0  stm32f4xx_ltdc.o ABSOLUTE
    ..\00-STM32F4xx_STANDARD_PERIPHERAL_DRIVERS\STM32F4xx_StdPeriph_Driver\src\stm32f4xx_rcc.c 0x00000000   Number         0  stm32f4xx_rcc.o ABSOLUTE
    ..\00-STM32F4xx_STANDARD_PERIPHERAL_DRIVERS\STM32F4xx_StdPeriph_Driver\src\stm32f4xx_spi.c 0x00000000   Number         0  stm32f4xx_spi.o ABSOLUTE
    ..\00-STM32F4xx_STANDARD_PERIPHERAL_DRIVERS\STM32F4xx_StdPeriph_Driver\src\stm32f4xx_syscfg.c 0x00000000   Number         0  stm32f4xx_syscfg.o ABSOLUTE
    ..\00-STM32F4xx_STANDARD_PERIPHERAL_DRIVERS\STM32F4xx_StdPeriph_Driver\src\stm32f4xx_tim.c 0x00000000   Number         0  stm32f4xx_tim.o ABSOLUTE
    ..\00-STM32F4xx_STANDARD_PERIPHERAL_DRIVERS\STM32F4xx_StdPeriph_Driver\src\stm32f4xx_usart.c 0x00000000   Number         0  stm32f4xx_usart.o ABSOLUTE
    ..\\00-STM32F429_LIBRARIES\\stm32f429i_discovery.c 0x00000000   Number         0  stm32f429i_discovery.o ABSOLUTE
    ..\\00-STM32F429_LIBRARIES\\stm32f429i_discovery_lcd.c 0x00000000   Number         0  stm32f429i_discovery_lcd.o ABSOLUTE
    ..\\00-STM32F429_LIBRARIES\\stm32f429i_discovery_sdram.c 0x00000000   Number         0  stm32f429i_discovery_sdram.o ABSOLUTE
    ..\\00-STM32F4xx_STANDARD_PERIPHERAL_DRIVERS\\STM32F4xx_StdPeriph_Driver\\src\\misc.c 0x00000000   Number         0  misc_1.o ABSOLUTE
    ..\\00-STM32F4xx_STANDARD_PERIPHERAL_DRIVERS\\STM32F4xx_StdPeriph_Driver\\src\\stm32f4xx_adc.c 0x00000000   Number         0  stm32f4xx_adc.o ABSOLUTE
    ..\\00-STM32F4xx_STANDARD_PERIPHERAL_DRIVERS\\STM32F4xx_StdPeriph_Driver\\src\\stm32f4xx_dma.c 0x00000000   Number         0  stm32f4xx_dma.o ABSOLUTE
    ..\\00-STM32F4xx_STANDARD_PERIPHERAL_DRIVERS\\STM32F4xx_StdPeriph_Driver\\src\\stm32f4xx_dma2d.c 0x00000000   Number         0  stm32f4xx_dma2d.o ABSOLUTE
    ..\\00-STM32F4xx_STANDARD_PERIPHERAL_DRIVERS\\STM32F4xx_StdPeriph_Driver\\src\\stm32f4xx_exti.c 0x00000000   Number         0  stm32f4xx_exti.o ABSOLUTE
    ..\\00-STM32F4xx_STANDARD_PERIPHERAL_DRIVERS\\STM32F4xx_StdPeriph_Driver\\src\\stm32f4xx_fmc.c 0x00000000   Number         0  stm32f4xx_fmc.o ABSOLUTE
    ..\\00-STM32F4xx_STANDARD_PERIPHERAL_DRIVERS\\STM32F4xx_StdPeriph_Driver\\src\\stm32f4xx_gpio.c 0x00000000   Number         0  stm32f4xx_gpio.o ABSOLUTE
    ..\\00-STM32F4xx_STANDARD_PERIPHERAL_DRIVERS\\STM32F4xx_StdPeriph_Driver\\src\\stm32f4xx_i2c.c 0x00000000   Number         0  stm32f4xx_i2c.o ABSOLUTE
    ..\\00-STM32F4xx_STANDARD_PERIPHERAL_DRIVERS\\STM32F4xx_StdPeriph_Driver\\src\\stm32f4xx_ltdc.c 0x00000000   Number         0  stm32f4xx_ltdc.o ABSOLUTE
    ..\\00-STM32F4xx_STANDARD_PERIPHERAL_DRIVERS\\STM32F4xx_StdPeriph_Driver\\src\\stm32f4xx_rcc.c 0x00000000   Number         0  stm32f4xx_rcc.o ABSOLUTE
    ..\\00-STM32F4xx_STANDARD_PERIPHERAL_DRIVERS\\STM32F4xx_StdPeriph_Driver\\src\\stm32f4xx_spi.c 0x00000000   Number         0  stm32f4xx_spi.o ABSOLUTE
    ..\\00-STM32F4xx_STANDARD_PERIPHERAL_DRIVERS\\STM32F4xx_StdPeriph_Driver\\src\\stm32f4xx_syscfg.c 0x00000000   Number         0  stm32f4xx_syscfg.o ABSOLUTE
    ..\\00-STM32F4xx_STANDARD_PERIPHERAL_DRIVERS\\STM32F4xx_StdPeriph_Driver\\src\\stm32f4xx_tim.c 0x00000000   Number         0  stm32f4xx_tim.o ABSOLUTE
    ..\\00-STM32F4xx_STANDARD_PERIPHERAL_DRIVERS\\STM32F4xx_StdPeriph_Driver\\src\\stm32f4xx_usart.c 0x00000000   Number         0  stm32f4xx_usart.o ABSOLUTE
    Debug\\bsp_usart.c                       0x00000000   Number         0  bsp_usart.o ABSOLUTE
    Debug\bsp_usart.c                        0x00000000   Number         0  bsp_usart.o ABSOLUTE
    User\\configuration.c                    0x00000000   Number         0  configuration.o ABSOLUTE
    User\\hardware_init.c                    0x00000000   Number         0  hardware_init.o ABSOLUTE
    User\\main.c                             0x00000000   Number         0  main.o ABSOLUTE
    User\\stm32f4xx_it.c                     0x00000000   Number         0  stm32f4xx_it.o ABSOLUTE
    User\\stm_ISRConfig.c                    0x00000000   Number         0  stm_isrconfig.o ABSOLUTE
    User\\stm_delay.c                        0x00000000   Number         0  stm_delay.o ABSOLUTE
    User\\system_stm32f4xx.c                 0x00000000   Number         0  system_stm32f4xx.o ABSOLUTE
    User\configuration.c                     0x00000000   Number         0  configuration.o ABSOLUTE
    User\hardware_init.c                     0x00000000   Number         0  hardware_init.o ABSOLUTE
    User\main.c                              0x00000000   Number         0  main.o ABSOLUTE
    User\stm32f4xx_it.c                      0x00000000   Number         0  stm32f4xx_it.o ABSOLUTE
    User\stm_ISRConfig.c                     0x00000000   Number         0  stm_isrconfig.o ABSOLUTE
    User\stm_delay.c                         0x00000000   Number         0  stm_delay.o ABSOLUTE
    User\system_stm32f4xx.c                  0x00000000   Number         0  system_stm32f4xx.o ABSOLUTE
    cdrcmple.s                               0x00000000   Number         0  cdrcmple.o ABSOLUTE
    dc.s                                     0x00000000   Number         0  dc.o ABSOLUTE
    handlers.s                               0x00000000   Number         0  handlers.o ABSOLUTE
    init.s                                   0x00000000   Number         0  init.o ABSOLUTE
    RESET                                    0x08000000   Section      428  startup_stm32f429_439xx.o(RESET)
    .ARM.Collect$$$$00000000                 0x080001ac   Section        0  entry.o(.ARM.Collect$$$$00000000)
    .ARM.Collect$$$$00000001                 0x080001ac   Section        4  entry2.o(.ARM.Collect$$$$00000001)
    .ARM.Collect$$$$00000004                 0x080001b0   Section        4  entry5.o(.ARM.Collect$$$$00000004)
    .ARM.Collect$$$$00000008                 0x080001b4   Section        0  entry7b.o(.ARM.Collect$$$$00000008)
    .ARM.Collect$$$$0000000A                 0x080001b4   Section        0  entry8b.o(.ARM.Collect$$$$0000000A)
    .ARM.Collect$$$$0000000B                 0x080001b4   Section        8  entry9a.o(.ARM.Collect$$$$0000000B)
    .ARM.Collect$$$$0000000D                 0x080001bc   Section        0  entry10a.o(.ARM.Collect$$$$0000000D)
    .ARM.Collect$$$$0000000F                 0x080001bc   Section        0  entry11a.o(.ARM.Collect$$$$0000000F)
    .ARM.Collect$$$$00002712                 0x080001bc   Section        4  entry2.o(.ARM.Collect$$$$00002712)
    __lit__00000000                          0x080001bc   Data           4  entry2.o(.ARM.Collect$$$$00002712)
    .text                                    0x080001c0   Section        0  main.o(.text)
    ADC3_CH13_DMA_Config                     0x080001c1   Thumb Code   196  main.o(.text)
    ADCWaveformDisp_MainLoop                 0x08000285   Thumb Code   160  main.o(.text)
    LCD_GUIDisplay                           0x08000325   Thumb Code   290  main.o(.text)
    ADCValueDisplay_MainLoop                 0x08000473   Thumb Code   112  main.o(.text)
    .text                                    0x0800053c   Section        0  configuration.o(.text)
    .text                                    0x08000640   Section        0  stm32f4xx_it.o(.text)
    .text                                    0x08000684   Section        0  system_stm32f4xx.o(.text)
    SetSysClock                              0x08000685   Thumb Code   190  system_stm32f4xx.o(.text)
    .text                                    0x0800081c   Section        0  stm32f429i_discovery_lcd.o(.text)
    LCD_AF_GPIOConfig                        0x08000a77   Thumb Code   344  stm32f429i_discovery_lcd.o(.text)
    LCD_PolyLineRelativeClosed               0x08001b8d   Thumb Code    94  stm32f429i_discovery_lcd.o(.text)
    delay                                    0x08001d1f   Thumb Code    18  stm32f429i_discovery_lcd.o(.text)
    .text                                    0x08001d30   Section        0  stm32f429i_discovery_sdram.o(.text)
    .text                                    0x080020b4   Section       36  startup_stm32f429_439xx.o(.text)
    $v0                                      0x080020b4   Number         0  startup_stm32f429_439xx.o(.text)
    .text                                    0x080020d8   Section        0  misc_1.o(.text)
    .text                                    0x08002188   Section        0  stm32f4xx_rcc.o(.text)
    .text                                    0x0800260c   Section        0  stm32f4xx_gpio.o(.text)
    .text                                    0x08002818   Section        0  stm32f4xx_usart.o(.text)
    .text                                    0x08002b70   Section        0  stm32f4xx_spi.o(.text)
    .text                                    0x08002e9c   Section        0  stm32f4xx_dma2d.o(.text)
    .text                                    0x08003150   Section        0  stm32f4xx_ltdc.o(.text)
    .text                                    0x080035bc   Section        0  stm32f4xx_fmc.o(.text)
    .text                                    0x08003c78   Section        0  stm32f4xx_dma.o(.text)
    .text                                    0x08003f98   Section        0  stm32f4xx_adc.o(.text)
    .text                                    0x080042ec   Section        0  dmul.o(.text)
    .text                                    0x080043d0   Section        0  dfltui.o(.text)
    .text                                    0x080043ea   Section        0  dfixui.o(.text)
    .text                                    0x0800441c   Section        0  uidiv.o(.text)
    .text                                    0x08004448   Section        0  llushr.o(.text)
    .text                                    0x08004468   Section        0  depilogue.o(.text)
    .text                                    0x08004468   Section        0  iusefp.o(.text)
    .text                                    0x08004524   Section       36  init.o(.text)
    .text                                    0x08004548   Section        0  llshl.o(.text)
    i.__0sprintf$6                           0x08004568   Section        0  printf6.o(i.__0sprintf$6)
    i.__scatterload_copy                     0x08004590   Section       14  handlers.o(i.__scatterload_copy)
    i.__scatterload_null                     0x0800459e   Section        2  handlers.o(i.__scatterload_null)
    i.__scatterload_zeroinit                 0x080045a0   Section       14  handlers.o(i.__scatterload_zeroinit)
    i._printf_core                           0x080045b0   Section        0  printf6.o(i._printf_core)
    _printf_core                             0x080045b1   Thumb Code   748  printf6.o(i._printf_core)
    i._printf_post_padding                   0x080048a0   Section        0  printf6.o(i._printf_post_padding)
    _printf_post_padding                     0x080048a1   Thumb Code    36  printf6.o(i._printf_post_padding)
    i._printf_pre_padding                    0x080048c4   Section        0  printf6.o(i._printf_pre_padding)
    _printf_pre_padding                      0x080048c5   Thumb Code    46  printf6.o(i._printf_pre_padding)
    i._sputc                                 0x080048f2   Section        0  printf6.o(i._sputc)
    _sputc                                   0x080048f3   Thumb Code    10  printf6.o(i._sputc)
    .constdata                               0x080048fc   Section     4560  stm32f429i_discovery_lcd.o(.constdata)
    .constdata                               0x08005acc   Section       28  stm32f4xx_fmc.o(.constdata)
    .data                                    0x20000000   Section       20  main.o(.data)
    Xpos                                     0x20000002   Data           2  main.o(.data)
    Ypos1                                    0x20000004   Data           2  main.o(.data)
    Ypos2                                    0x20000006   Data           2  main.o(.data)
    Xpos1                                    0x20000008   Data           2  main.o(.data)
    Xpos2                                    0x2000000a   Data           2  main.o(.data)
    Counter                                  0x2000000c   Data           2  main.o(.data)
    DrawData                                 0x2000000e   Data           2  main.o(.data)
    .data                                    0x20000014   Section       20  system_stm32f4xx.o(.data)
    .data                                    0x20000028   Section       24  stm32f429i_discovery_lcd.o(.data)
    CurrentTextColor                         0x20000028   Data           2  stm32f429i_discovery_lcd.o(.data)
    CurrentBackColor                         0x2000002a   Data           2  stm32f429i_discovery_lcd.o(.data)
    CurrentFrameBuffer                       0x2000002c   Data           4  stm32f429i_discovery_lcd.o(.data)
    CurrentLayer                             0x20000030   Data           4  stm32f429i_discovery_lcd.o(.data)
    LCD_Currentfonts                         0x20000034   Data           4  stm32f429i_discovery_lcd.o(.data)
    .data                                    0x20000040   Section       16  stm32f4xx_rcc.o(.data)
    APBAHBPrescTable                         0x20000040   Data          16  stm32f4xx_rcc.o(.data)
    STACK                                    0x20000050   Section     1024  startup_stm32f429_439xx.o(STACK)

    Global Symbols

    Symbol Name                              Value     Ov Type        Size  Object(Section)

    BuildAttributes$$THM_ISAv4$E$P$D$K$B$S$7EM$VFPi3$EXTD16$VFPS$VFMA$PE$A:L22UL41UL21$X:L11$S22US41US21$IEEE1$IW$USESV6$~STKCKD$USESV7$~SHL$OSPACE$ROPI$EBA8$MICROLIB$REQ8$PRES8$EABIv2 0x00000000   Number         0  anon$$obj.o ABSOLUTE
    __ARM_use_no_argv                        0x00000000   Number         0  main.o ABSOLUTE
    __use_no_errno                           0x00000000   Number         0  useno.o ABSOLUTE
    __use_no_exception_handling              0x00000000   Number         0  useno.o ABSOLUTE
    __use_no_fp                              0x00000000   Number         0  useno.o ABSOLUTE
    __use_no_heap                            0x00000000   Number         0  useno.o ABSOLUTE
    __use_no_heap_region                     0x00000000   Number         0  useno.o ABSOLUTE
    __use_no_semihosting                     0x00000000   Number         0  useno.o ABSOLUTE
    __use_no_semihosting_swi                 0x00000000   Number         0  useno.o ABSOLUTE
    __use_no_signal_handling                 0x00000000   Number         0  useno.o ABSOLUTE
    _printf_a                                0x00000000   Number         0  stubs.o ABSOLUTE
    _printf_c                                0x00000000   Number         0  stubs.o ABSOLUTE
    _printf_charcount                        0x00000000   Number         0  stubs.o ABSOLUTE
    _printf_d                                0x00000000   Number         0  stubs.o ABSOLUTE
    _printf_e                                0x00000000   Number         0  stubs.o ABSOLUTE
    _printf_f                                0x00000000   Number         0  stubs.o ABSOLUTE
    _printf_flags                            0x00000000   Number         0  stubs.o ABSOLUTE
    _printf_fp_dec                           0x00000000   Number         0  stubs.o ABSOLUTE
    _printf_fp_hex                           0x00000000   Number         0  stubs.o ABSOLUTE
    _printf_g                                0x00000000   Number         0  stubs.o ABSOLUTE
    _printf_i                                0x00000000   Number         0  stubs.o ABSOLUTE
    _printf_int_dec                          0x00000000   Number         0  stubs.o ABSOLUTE
    _printf_l                                0x00000000   Number         0  stubs.o ABSOLUTE
    _printf_lc                               0x00000000   Number         0  stubs.o ABSOLUTE
    _printf_ll                               0x00000000   Number         0  stubs.o ABSOLUTE
    _printf_lld                              0x00000000   Number         0  stubs.o ABSOLUTE
    _printf_lli                              0x00000000   Number         0  stubs.o ABSOLUTE
    _printf_llo                              0x00000000   Number         0  stubs.o ABSOLUTE
    _printf_llu                              0x00000000   Number         0  stubs.o ABSOLUTE
    _printf_llx                              0x00000000   Number         0  stubs.o ABSOLUTE
    _printf_longlong_dec                     0x00000000   Number         0  stubs.o ABSOLUTE
    _printf_longlong_hex                     0x00000000   Number         0  stubs.o ABSOLUTE
    _printf_longlong_oct                     0x00000000   Number         0  stubs.o ABSOLUTE
    _printf_ls                               0x00000000   Number         0  stubs.o ABSOLUTE
    _printf_mbtowc                           0x00000000   Number         0  stubs.o ABSOLUTE
    _printf_n                                0x00000000   Number         0  stubs.o ABSOLUTE
    _printf_o                                0x00000000   Number         0  stubs.o ABSOLUTE
    _printf_p                                0x00000000   Number         0  stubs.o ABSOLUTE
    _printf_percent                          0x00000000   Number         0  stubs.o ABSOLUTE
    _printf_pre_padding                      0x00000000   Number         0  stubs.o ABSOLUTE
    _printf_return_value                     0x00000000   Number         0  stubs.o ABSOLUTE
    _printf_s                                0x00000000   Number         0  stubs.o ABSOLUTE
    _printf_sizespec                         0x00000000   Number         0  stubs.o ABSOLUTE
    _printf_str                              0x00000000   Number         0  stubs.o ABSOLUTE
    _printf_truncate_signed                  0x00000000   Number         0  stubs.o ABSOLUTE
    _printf_truncate_unsigned                0x00000000   Number         0  stubs.o ABSOLUTE
    _printf_u                                0x00000000   Number         0  stubs.o ABSOLUTE
    _printf_wc                               0x00000000   Number         0  stubs.o ABSOLUTE
    _printf_wctomb                           0x00000000   Number         0  stubs.o ABSOLUTE
    _printf_widthprec                        0x00000000   Number         0  stubs.o ABSOLUTE
    _printf_x                                0x00000000   Number         0  stubs.o ABSOLUTE
    __cpp_initialize__aeabi_                  - Undefined Weak Reference
    __cxa_finalize                            - Undefined Weak Reference
    __decompress                              - Undefined Weak Reference
    _clock_init                               - Undefined Weak Reference
    _microlib_exit                            - Undefined Weak Reference
    __Vectors_Size                           0x000001ac   Number         0  startup_stm32f429_439xx.o ABSOLUTE
    __Vectors                                0x08000000   Data           4  startup_stm32f429_439xx.o(RESET)
    __Vectors_End                            0x080001ac   Data           0  startup_stm32f429_439xx.o(RESET)
    __main                                   0x080001ad   Thumb Code     0  entry.o(.ARM.Collect$$$$00000000)
    _main_stk                                0x080001ad   Thumb Code     0  entry2.o(.ARM.Collect$$$$00000001)
    _main_scatterload                        0x080001b1   Thumb Code     0  entry5.o(.ARM.Collect$$$$00000004)
    __main_after_scatterload                 0x080001b5   Thumb Code     0  entry5.o(.ARM.Collect$$$$00000004)
    _main_clock                              0x080001b5   Thumb Code     0  entry7b.o(.ARM.Collect$$$$00000008)
    _main_cpp_init                           0x080001b5   Thumb Code     0  entry8b.o(.ARM.Collect$$$$0000000A)
    _main_init                               0x080001b5   Thumb Code     0  entry9a.o(.ARM.Collect$$$$0000000B)
    __rt_final_cpp                           0x080001bd   Thumb Code     0  entry10a.o(.ARM.Collect$$$$0000000D)
    __rt_final_exit                          0x080001bd   Thumb Code     0  entry11a.o(.ARM.Collect$$$$0000000F)
    main                                     0x08000447   Thumb Code    44  main.o(.text)
    SysInit                                  0x0800053d   Thumb Code    86  configuration.o(.text)
    USART1_Configure                         0x08000593   Thumb Code   124  configuration.o(.text)
    NVIC_Config                              0x0800060f   Thumb Code    42  configuration.o(.text)
    NMI_Handler                              0x08000641   Thumb Code     2  stm32f4xx_it.o(.text)
    HardFault_Handler                        0x08000643   Thumb Code     2  stm32f4xx_it.o(.text)
    MemManage_Handler                        0x08000645   Thumb Code     2  stm32f4xx_it.o(.text)
    BusFault_Handler                         0x08000647   Thumb Code     2  stm32f4xx_it.o(.text)
    UsageFault_Handler                       0x08000649   Thumb Code     2  stm32f4xx_it.o(.text)
    SVC_Handler                              0x0800064b   Thumb Code     2  stm32f4xx_it.o(.text)
    DebugMon_Handler                         0x0800064d   Thumb Code     2  stm32f4xx_it.o(.text)
    PendSV_Handler                           0x0800064f   Thumb Code     2  stm32f4xx_it.o(.text)
    TimingDelay_Decrement                    0x08000651   Thumb Code     2  stm32f4xx_it.o(.text)
    SysTick_Handler                          0x08000653   Thumb Code     8  stm32f4xx_it.o(.text)
    USART1_IRQHandler                        0x0800065b   Thumb Code    36  stm32f4xx_it.o(.text)
    SystemInit                               0x08000743   Thumb Code    74  system_stm32f4xx.o(.text)
    SystemCoreClockUpdate                    0x0800078d   Thumb Code   108  system_stm32f4xx.o(.text)
    LCD_ChipSelect                           0x0800081d   Thumb Code    20  stm32f429i_discovery_lcd.o(.text)
    LCD_CtrlLinesWrite                       0x08000831   Thumb Code     4  stm32f429i_discovery_lcd.o(.text)
    LCD_WriteCommand                         0x08000835   Thumb Code    64  stm32f429i_discovery_lcd.o(.text)
    LCD_DisplayOff                           0x08000875   Thumb Code     4  stm32f429i_discovery_lcd.o(.text)
    LCD_DeInit                               0x08000879   Thumb Code   510  stm32f429i_discovery_lcd.o(.text)
    LCD_WriteData                            0x08000bcf   Thumb Code    90  stm32f429i_discovery_lcd.o(.text)
    LCD_PowerOn                              0x08000c29   Thumb Code   652  stm32f429i_discovery_lcd.o(.text)
    LCD_SPIConfig                            0x08000eb5   Thumb Code   188  stm32f429i_discovery_lcd.o(.text)
    LCD_CtrlLinesConfig                      0x08000f71   Thumb Code    72  stm32f429i_discovery_lcd.o(.text)
    LCD_Init                                 0x08000fb9   Thumb Code   152  stm32f429i_discovery_lcd.o(.text)
    LCD_SetFont                              0x08001051   Thumb Code     6  stm32f429i_discovery_lcd.o(.text)
    LCD_LayerInit                            0x08001057   Thumb Code   156  stm32f429i_discovery_lcd.o(.text)
    LCD_SetLayer                             0x080010f3   Thumb Code    24  stm32f429i_discovery_lcd.o(.text)
    LCD_SetColors                            0x0800110b   Thumb Code     8  stm32f429i_discovery_lcd.o(.text)
    LCD_GetColors                            0x08001113   Thumb Code    12  stm32f429i_discovery_lcd.o(.text)
    LCD_SetTextColor                         0x0800111f   Thumb Code     6  stm32f429i_discovery_lcd.o(.text)
    LCD_SetBackColor                         0x08001125   Thumb Code     6  stm32f429i_discovery_lcd.o(.text)
    LCD_SetTransparency                      0x0800112b   Thumb Code    34  stm32f429i_discovery_lcd.o(.text)
    LCD_GetFont                              0x0800114d   Thumb Code     6  stm32f429i_discovery_lcd.o(.text)
    LCD_DrawChar                             0x08001153   Thumb Code   130  stm32f429i_discovery_lcd.o(.text)
    LCD_DisplayChar                          0x080011d5   Thumb Code    24  stm32f429i_discovery_lcd.o(.text)
    LCD_ClearLine                            0x080011ed   Thumb Code    46  stm32f429i_discovery_lcd.o(.text)
    LCD_Clear                                0x0800121b   Thumb Code    22  stm32f429i_discovery_lcd.o(.text)
    LCD_SetCursor                            0x08001231   Thumb Code    18  stm32f429i_discovery_lcd.o(.text)
    LCD_SetColorKeying                       0x08001243   Thumb Code    50  stm32f429i_discovery_lcd.o(.text)
    LCD_ReSetColorKeying                     0x08001275   Thumb Code    34  stm32f429i_discovery_lcd.o(.text)
    LCD_DisplayStringLine                    0x08001297   Thumb Code    82  stm32f429i_discovery_lcd.o(.text)
    LCD_SetDisplayWindow                     0x080012e9   Thumb Code    58  stm32f429i_discovery_lcd.o(.text)
    LCD_WindowModeDisable                    0x08001323   Thumb Code    12  stm32f429i_discovery_lcd.o(.text)
    LCD_DrawLine                             0x0800132f   Thumb Code   116  stm32f429i_discovery_lcd.o(.text)
    LCD_DrawRect                             0x080013a3   Thumb Code    62  stm32f429i_discovery_lcd.o(.text)
    LCD_DrawCircle                           0x080013e1   Thumb Code   112  stm32f429i_discovery_lcd.o(.text)
    LCD_DrawFullEllipse                      0x08001451   Thumb Code   398  stm32f429i_discovery_lcd.o(.text)
    LCD_DrawEllipse                          0x080015df   Thumb Code   436  stm32f429i_discovery_lcd.o(.text)
    LCD_DrawMonoPict                         0x08001793   Thumb Code    54  stm32f429i_discovery_lcd.o(.text)
    LCD_WriteBMP                             0x080017c9   Thumb Code   226  stm32f429i_discovery_lcd.o(.text)
    LCD_DrawFullRect                         0x080018ab   Thumb Code    96  stm32f429i_discovery_lcd.o(.text)
    LCD_DrawFullCircle                       0x0800190b   Thumb Code   152  stm32f429i_discovery_lcd.o(.text)
    LCD_DrawUniLine                          0x080019a3   Thumb Code   196  stm32f429i_discovery_lcd.o(.text)
    LCD_Triangle                             0x08001a67   Thumb Code    58  stm32f429i_discovery_lcd.o(.text)
    LCD_FillTriangle                         0x08001aa1   Thumb Code   184  stm32f429i_discovery_lcd.o(.text)
    LCD_PolyLine                             0x08001b59   Thumb Code    52  stm32f429i_discovery_lcd.o(.text)
    LCD_ClosedPolyLine                       0x08001beb   Thumb Code    32  stm32f429i_discovery_lcd.o(.text)
    LCD_PolyLineRelative                     0x08001c0b   Thumb Code     4  stm32f429i_discovery_lcd.o(.text)
    LCD_ClosedPolyLineRelative               0x08001c0f   Thumb Code     4  stm32f429i_discovery_lcd.o(.text)
    LCD_FillPolyLine                         0x08001c13   Thumb Code   262  stm32f429i_discovery_lcd.o(.text)
    LCD_DisplayOn                            0x08001d19   Thumb Code     6  stm32f429i_discovery_lcd.o(.text)
    SDRAM_InitSequence                       0x08001d31   Thumb Code   176  stm32f429i_discovery_sdram.o(.text)
    SDRAM_GPIOConfig                         0x08001de1   Thumb Code   504  stm32f429i_discovery_sdram.o(.text)
    SDRAM_Init                               0x08001fd9   Thumb Code    92  stm32f429i_discovery_sdram.o(.text)
    SDRAM_WriteBuffer                        0x08002035   Thumb Code    54  stm32f429i_discovery_sdram.o(.text)
    SDRAM_ReadBuffer                         0x0800206b   Thumb Code    46  stm32f429i_discovery_sdram.o(.text)
    Reset_Handler                            0x080020b5   Thumb Code     8  startup_stm32f429_439xx.o(.text)
    ADC_IRQHandler                           0x080020cf   Thumb Code     0  startup_stm32f429_439xx.o(.text)
    CAN1_RX0_IRQHandler                      0x080020cf   Thumb Code     0  startup_stm32f429_439xx.o(.text)
    CAN1_RX1_IRQHandler                      0x080020cf   Thumb Code     0  startup_stm32f429_439xx.o(.text)
    CAN1_SCE_IRQHandler                      0x080020cf   Thumb Code     0  startup_stm32f429_439xx.o(.text)
    CAN1_TX_IRQHandler                       0x080020cf   Thumb Code     0  startup_stm32f429_439xx.o(.text)
    CAN2_RX0_IRQHandler                      0x080020cf   Thumb Code     0  startup_stm32f429_439xx.o(.text)
    CAN2_RX1_IRQHandler                      0x080020cf   Thumb Code     0  startup_stm32f429_439xx.o(.text)
    CAN2_SCE_IRQHandler                      0x080020cf   Thumb Code     0  startup_stm32f429_439xx.o(.text)
    CAN2_TX_IRQHandler                       0x080020cf   Thumb Code     0  startup_stm32f429_439xx.o(.text)
    CRYP_IRQHandler                          0x080020cf   Thumb Code     0  startup_stm32f429_439xx.o(.text)
    DCMI_IRQHandler                          0x080020cf   Thumb Code     0  startup_stm32f429_439xx.o(.text)
    DMA1_Stream0_IRQHandler                  0x080020cf   Thumb Code     0  startup_stm32f429_439xx.o(.text)
    DMA1_Stream1_IRQHandler                  0x080020cf   Thumb Code     0  startup_stm32f429_439xx.o(.text)
    DMA1_Stream2_IRQHandler                  0x080020cf   Thumb Code     0  startup_stm32f429_439xx.o(.text)
    DMA1_Stream3_IRQHandler                  0x080020cf   Thumb Code     0  startup_stm32f429_439xx.o(.text)
    DMA1_Stream4_IRQHandler                  0x080020cf   Thumb Code     0  startup_stm32f429_439xx.o(.text)
    DMA1_Stream5_IRQHandler                  0x080020cf   Thumb Code     0  startup_stm32f429_439xx.o(.text)
    DMA1_Stream6_IRQHandler                  0x080020cf   Thumb Code     0  startup_stm32f429_439xx.o(.text)
    DMA1_Stream7_IRQHandler                  0x080020cf   Thumb Code     0  startup_stm32f429_439xx.o(.text)
    DMA2D_IRQHandler                         0x080020cf   Thumb Code     0  startup_stm32f429_439xx.o(.text)
    DMA2_Stream0_IRQHandler                  0x080020cf   Thumb Code     0  startup_stm32f429_439xx.o(.text)
    DMA2_Stream1_IRQHandler                  0x080020cf   Thumb Code     0  startup_stm32f429_439xx.o(.text)
    DMA2_Stream2_IRQHandler                  0x080020cf   Thumb Code     0  startup_stm32f429_439xx.o(.text)
    DMA2_Stream3_IRQHandler                  0x080020cf   Thumb Code     0  startup_stm32f429_439xx.o(.text)
    DMA2_Stream4_IRQHandler                  0x080020cf   Thumb Code     0  startup_stm32f429_439xx.o(.text)
    DMA2_Stream5_IRQHandler                  0x080020cf   Thumb Code     0  startup_stm32f429_439xx.o(.text)
    DMA2_Stream6_IRQHandler                  0x080020cf   Thumb Code     0  startup_stm32f429_439xx.o(.text)
    DMA2_Stream7_IRQHandler                  0x080020cf   Thumb Code     0  startup_stm32f429_439xx.o(.text)
    ETH_IRQHandler                           0x080020cf   Thumb Code     0  startup_stm32f429_439xx.o(.text)
    ETH_WKUP_IRQHandler                      0x080020cf   Thumb Code     0  startup_stm32f429_439xx.o(.text)
    EXTI0_IRQHandler                         0x080020cf   Thumb Code     0  startup_stm32f429_439xx.o(.text)
    EXTI15_10_IRQHandler                     0x080020cf   Thumb Code     0  startup_stm32f429_439xx.o(.text)
    EXTI1_IRQHandler                         0x080020cf   Thumb Code     0  startup_stm32f429_439xx.o(.text)
    EXTI2_IRQHandler                         0x080020cf   Thumb Code     0  startup_stm32f429_439xx.o(.text)
    EXTI3_IRQHandler                         0x080020cf   Thumb Code     0  startup_stm32f429_439xx.o(.text)
    EXTI4_IRQHandler                         0x080020cf   Thumb Code     0  startup_stm32f429_439xx.o(.text)
    EXTI9_5_IRQHandler                       0x080020cf   Thumb Code     0  startup_stm32f429_439xx.o(.text)
    FLASH_IRQHandler                         0x080020cf   Thumb Code     0  startup_stm32f429_439xx.o(.text)
    FMC_IRQHandler                           0x080020cf   Thumb Code     0  startup_stm32f429_439xx.o(.text)
    FPU_IRQHandler                           0x080020cf   Thumb Code     0  startup_stm32f429_439xx.o(.text)
    HASH_RNG_IRQHandler                      0x080020cf   Thumb Code     0  startup_stm32f429_439xx.o(.text)
    I2C1_ER_IRQHandler                       0x080020cf   Thumb Code     0  startup_stm32f429_439xx.o(.text)
    I2C1_EV_IRQHandler                       0x080020cf   Thumb Code     0  startup_stm32f429_439xx.o(.text)
    I2C2_ER_IRQHandler                       0x080020cf   Thumb Code     0  startup_stm32f429_439xx.o(.text)
    I2C2_EV_IRQHandler                       0x080020cf   Thumb Code     0  startup_stm32f429_439xx.o(.text)
    I2C3_ER_IRQHandler                       0x080020cf   Thumb Code     0  startup_stm32f429_439xx.o(.text)
    I2C3_EV_IRQHandler                       0x080020cf   Thumb Code     0  startup_stm32f429_439xx.o(.text)
    LTDC_ER_IRQHandler                       0x080020cf   Thumb Code     0  startup_stm32f429_439xx.o(.text)
    LTDC_IRQHandler                          0x080020cf   Thumb Code     0  startup_stm32f429_439xx.o(.text)
    OTG_FS_IRQHandler                        0x080020cf   Thumb Code     0  startup_stm32f429_439xx.o(.text)
    OTG_FS_WKUP_IRQHandler                   0x080020cf   Thumb Code     0  startup_stm32f429_439xx.o(.text)
    OTG_HS_EP1_IN_IRQHandler                 0x080020cf   Thumb Code     0  startup_stm32f429_439xx.o(.text)
    OTG_HS_EP1_OUT_IRQHandler                0x080020cf   Thumb Code     0  startup_stm32f429_439xx.o(.text)
    OTG_HS_IRQHandler                        0x080020cf   Thumb Code     0  startup_stm32f429_439xx.o(.text)
    OTG_HS_WKUP_IRQHandler                   0x080020cf   Thumb Code     0  startup_stm32f429_439xx.o(.text)
    PVD_IRQHandler                           0x080020cf   Thumb Code     0  startup_stm32f429_439xx.o(.text)
    RCC_IRQHandler                           0x080020cf   Thumb Code     0  startup_stm32f429_439xx.o(.text)
    RTC_Alarm_IRQHandler                     0x080020cf   Thumb Code     0  startup_stm32f429_439xx.o(.text)
    RTC_WKUP_IRQHandler                      0x080020cf   Thumb Code     0  startup_stm32f429_439xx.o(.text)
    SAI1_IRQHandler                          0x080020cf   Thumb Code     0  startup_stm32f429_439xx.o(.text)
    SDIO_IRQHandler                          0x080020cf   Thumb Code     0  startup_stm32f429_439xx.o(.text)
    SPI1_IRQHandler                          0x080020cf   Thumb Code     0  startup_stm32f429_439xx.o(.text)
    SPI2_IRQHandler                          0x080020cf   Thumb Code     0  startup_stm32f429_439xx.o(.text)
    SPI3_IRQHandler                          0x080020cf   Thumb Code     0  startup_stm32f429_439xx.o(.text)
    SPI4_IRQHandler                          0x080020cf   Thumb Code     0  startup_stm32f429_439xx.o(.text)
    SPI5_IRQHandler                          0x080020cf   Thumb Code     0  startup_stm32f429_439xx.o(.text)
    SPI6_IRQHandler                          0x080020cf   Thumb Code     0  startup_stm32f429_439xx.o(.text)
    TAMP_STAMP_IRQHandler                    0x080020cf   Thumb Code     0  startup_stm32f429_439xx.o(.text)
    TIM1_BRK_TIM9_IRQHandler                 0x080020cf   Thumb Code     0  startup_stm32f429_439xx.o(.text)
    TIM1_CC_IRQHandler                       0x080020cf   Thumb Code     0  startup_stm32f429_439xx.o(.text)
    TIM1_TRG_COM_TIM11_IRQHandler            0x080020cf   Thumb Code     0  startup_stm32f429_439xx.o(.text)
    TIM1_UP_TIM10_IRQHandler                 0x080020cf   Thumb Code     0  startup_stm32f429_439xx.o(.text)
    TIM2_IRQHandler                          0x080020cf   Thumb Code     0  startup_stm32f429_439xx.o(.text)
    TIM3_IRQHandler                          0x080020cf   Thumb Code     0  startup_stm32f429_439xx.o(.text)
    TIM4_IRQHandler                          0x080020cf   Thumb Code     0  startup_stm32f429_439xx.o(.text)
    TIM5_IRQHandler                          0x080020cf   Thumb Code     0  startup_stm32f429_439xx.o(.text)
    TIM6_DAC_IRQHandler                      0x080020cf   Thumb Code     0  startup_stm32f429_439xx.o(.text)
    TIM7_IRQHandler                          0x080020cf   Thumb Code     0  startup_stm32f429_439xx.o(.text)
    TIM8_BRK_TIM12_IRQHandler                0x080020cf   Thumb Code     0  startup_stm32f429_439xx.o(.text)
    TIM8_CC_IRQHandler                       0x080020cf   Thumb Code     0  startup_stm32f429_439xx.o(.text)
    TIM8_TRG_COM_TIM14_IRQHandler            0x080020cf   Thumb Code     0  startup_stm32f429_439xx.o(.text)
    TIM8_UP_TIM13_IRQHandler                 0x080020cf   Thumb Code     0  startup_stm32f429_439xx.o(.text)
    UART4_IRQHandler                         0x080020cf   Thumb Code     0  startup_stm32f429_439xx.o(.text)
    UART5_IRQHandler                         0x080020cf   Thumb Code     0  startup_stm32f429_439xx.o(.text)
    UART7_IRQHandler                         0x080020cf   Thumb Code     0  startup_stm32f429_439xx.o(.text)
    UART8_IRQHandler                         0x080020cf   Thumb Code     0  startup_stm32f429_439xx.o(.text)
    USART2_IRQHandler                        0x080020cf   Thumb Code     0  startup_stm32f429_439xx.o(.text)
    USART3_IRQHandler                        0x080020cf   Thumb Code     0  startup_stm32f429_439xx.o(.text)
    USART6_IRQHandler                        0x080020cf   Thumb Code     0  startup_stm32f429_439xx.o(.text)
    WWDG_IRQHandler                          0x080020cf   Thumb Code     0  startup_stm32f429_439xx.o(.text)
    NVIC_PriorityGroupConfig                 0x080020d9   Thumb Code    10  misc_1.o(.text)
    NVIC_Init                                0x080020e3   Thumb Code    96  misc_1.o(.text)
    NVIC_SetVectorTable                      0x08002143   Thumb Code    14  misc_1.o(.text)
    NVIC_SystemLPConfig                      0x08002151   Thumb Code    20  misc_1.o(.text)
    SysTick_CLKSourceConfig                  0x08002165   Thumb Code    24  misc_1.o(.text)
    RCC_DeInit                               0x08002189   Thumb Code    68  stm32f4xx_rcc.o(.text)
    RCC_HSEConfig                            0x080021cd   Thumb Code    12  stm32f4xx_rcc.o(.text)
    RCC_GetFlagStatus                        0x080021d9   Thumb Code    46  stm32f4xx_rcc.o(.text)
    RCC_WaitForHSEStartUp                    0x08002207   Thumb Code    44  stm32f4xx_rcc.o(.text)
    RCC_AdjustHSICalibrationValue            0x08002233   Thumb Code    16  stm32f4xx_rcc.o(.text)
    RCC_HSICmd                               0x08002243   Thumb Code     6  stm32f4xx_rcc.o(.text)
    RCC_LSEConfig                            0x08002249   Thumb Code    24  stm32f4xx_rcc.o(.text)
    RCC_LSICmd                               0x08002261   Thumb Code     6  stm32f4xx_rcc.o(.text)
    RCC_PLLConfig                            0x08002267   Thumb Code    32  stm32f4xx_rcc.o(.text)
    RCC_PLLCmd                               0x08002287   Thumb Code     6  stm32f4xx_rcc.o(.text)
    RCC_PLLI2SConfig                         0x0800228d   Thumb Code    18  stm32f4xx_rcc.o(.text)
    RCC_PLLI2SCmd                            0x0800229f   Thumb Code     6  stm32f4xx_rcc.o(.text)
    RCC_PLLSAIConfig                         0x080022a5   Thumb Code    18  stm32f4xx_rcc.o(.text)
    RCC_PLLSAICmd                            0x080022b7   Thumb Code     6  stm32f4xx_rcc.o(.text)
    RCC_ClockSecuritySystemCmd               0x080022bd   Thumb Code     6  stm32f4xx_rcc.o(.text)
    RCC_MCO1Config                           0x080022c3   Thumb Code    18  stm32f4xx_rcc.o(.text)
    RCC_MCO2Config                           0x080022d5   Thumb Code    18  stm32f4xx_rcc.o(.text)
    RCC_SYSCLKConfig                         0x080022e7   Thumb Code    16  stm32f4xx_rcc.o(.text)
    RCC_GetSYSCLKSource                      0x080022f7   Thumb Code    12  stm32f4xx_rcc.o(.text)
    RCC_HCLKConfig                           0x08002303   Thumb Code    16  stm32f4xx_rcc.o(.text)
    RCC_PCLK1Config                          0x08002313   Thumb Code    16  stm32f4xx_rcc.o(.text)
    RCC_PCLK2Config                          0x08002323   Thumb Code    18  stm32f4xx_rcc.o(.text)
    RCC_GetClocksFreq                        0x08002335   Thumb Code   134  stm32f4xx_rcc.o(.text)
    RCC_RTCCLKConfig                         0x080023bb   Thumb Code    42  stm32f4xx_rcc.o(.text)
    RCC_RTCCLKCmd                            0x080023e5   Thumb Code     8  stm32f4xx_rcc.o(.text)
    RCC_BackupResetCmd                       0x080023ed   Thumb Code     8  stm32f4xx_rcc.o(.text)
    RCC_I2SCLKConfig                         0x080023f5   Thumb Code     8  stm32f4xx_rcc.o(.text)
    RCC_SAIPLLI2SClkDivConfig                0x080023fd   Thumb Code    18  stm32f4xx_rcc.o(.text)
    RCC_SAIPLLSAIClkDivConfig                0x0800240f   Thumb Code    24  stm32f4xx_rcc.o(.text)
    RCC_SAIBlockACLKConfig                   0x08002427   Thumb Code    16  stm32f4xx_rcc.o(.text)
    RCC_SAIBlockBCLKConfig                   0x08002437   Thumb Code    16  stm32f4xx_rcc.o(.text)
    RCC_LTDCCLKDivConfig                     0x08002447   Thumb Code    16  stm32f4xx_rcc.o(.text)
    RCC_TIMCLKPresConfig                     0x08002457   Thumb Code     8  stm32f4xx_rcc.o(.text)
    RCC_AHB1PeriphClockCmd                   0x0800245f   Thumb Code    20  stm32f4xx_rcc.o(.text)
    RCC_AHB2PeriphClockCmd                   0x08002473   Thumb Code    20  stm32f4xx_rcc.o(.text)
    RCC_AHB3PeriphClockCmd                   0x08002487   Thumb Code    20  stm32f4xx_rcc.o(.text)
    RCC_APB1PeriphClockCmd                   0x0800249b   Thumb Code    20  stm32f4xx_rcc.o(.text)
    RCC_APB2PeriphClockCmd                   0x080024af   Thumb Code    20  stm32f4xx_rcc.o(.text)
    RCC_AHB1PeriphResetCmd                   0x080024c3   Thumb Code    20  stm32f4xx_rcc.o(.text)
    RCC_AHB2PeriphResetCmd                   0x080024d7   Thumb Code    20  stm32f4xx_rcc.o(.text)
    RCC_AHB3PeriphResetCmd                   0x080024eb   Thumb Code    20  stm32f4xx_rcc.o(.text)
    RCC_APB1PeriphResetCmd                   0x080024ff   Thumb Code    20  stm32f4xx_rcc.o(.text)
    RCC_APB2PeriphResetCmd                   0x08002513   Thumb Code    20  stm32f4xx_rcc.o(.text)
    RCC_AHB1PeriphClockLPModeCmd             0x08002527   Thumb Code    20  stm32f4xx_rcc.o(.text)
    RCC_AHB2PeriphClockLPModeCmd             0x0800253b   Thumb Code    20  stm32f4xx_rcc.o(.text)
    RCC_AHB3PeriphClockLPModeCmd             0x0800254f   Thumb Code    20  stm32f4xx_rcc.o(.text)
    RCC_APB1PeriphClockLPModeCmd             0x08002563   Thumb Code    64  stm32f4xx_rcc.o(.text)
    RCC_APB2PeriphClockLPModeCmd             0x080025a3   Thumb Code    18  stm32f4xx_rcc.o(.text)
    RCC_LSEModeConfig                        0x080025b5   Thumb Code    24  stm32f4xx_rcc.o(.text)
    RCC_ITConfig                             0x080025cd   Thumb Code    20  stm32f4xx_rcc.o(.text)
    RCC_ClearFlag                            0x080025e1   Thumb Code    14  stm32f4xx_rcc.o(.text)
    RCC_GetITStatus                          0x080025ef   Thumb Code    18  stm32f4xx_rcc.o(.text)
    RCC_ClearITPendingBit                    0x08002601   Thumb Code     8  stm32f4xx_rcc.o(.text)
    GPIO_DeInit                              0x0800260d   Thumb Code   216  stm32f4xx_gpio.o(.text)
    GPIO_Init                                0x080026e5   Thumb Code   120  stm32f4xx_gpio.o(.text)
    GPIO_StructInit                          0x0800275d   Thumb Code    18  stm32f4xx_gpio.o(.text)
    GPIO_PinLockConfig                       0x0800276f   Thumb Code    24  stm32f4xx_gpio.o(.text)
    GPIO_ReadInputDataBit                    0x08002787   Thumb Code    14  stm32f4xx_gpio.o(.text)
    GPIO_ReadInputData                       0x08002795   Thumb Code     6  stm32f4xx_gpio.o(.text)
    GPIO_ReadOutputDataBit                   0x0800279b   Thumb Code    14  stm32f4xx_gpio.o(.text)
    GPIO_ReadOutputData                      0x080027a9   Thumb Code     6  stm32f4xx_gpio.o(.text)
    GPIO_SetBits                             0x080027af   Thumb Code     4  stm32f4xx_gpio.o(.text)
    GPIO_ResetBits                           0x080027b3   Thumb Code     4  stm32f4xx_gpio.o(.text)
    GPIO_WriteBit                            0x080027b7   Thumb Code    10  stm32f4xx_gpio.o(.text)
    GPIO_Write                               0x080027c1   Thumb Code     4  stm32f4xx_gpio.o(.text)
    GPIO_ToggleBits                          0x080027c5   Thumb Code     8  stm32f4xx_gpio.o(.text)
    GPIO_PinAFConfig                         0x080027cd   Thumb Code    32  stm32f4xx_gpio.o(.text)
    USART_DeInit                             0x08002819   Thumb Code   138  stm32f4xx_usart.o(.text)
    USART_Init                               0x080028a3   Thumb Code   164  stm32f4xx_usart.o(.text)
    USART_StructInit                         0x08002947   Thumb Code    22  stm32f4xx_usart.o(.text)
    USART_ClockInit                          0x0800295d   Thumb Code    28  stm32f4xx_usart.o(.text)
    USART_ClockStructInit                    0x08002979   Thumb Code    12  stm32f4xx_usart.o(.text)
    USART_Cmd                                0x08002985   Thumb Code    20  stm32f4xx_usart.o(.text)
    USART_SetPrescaler                       0x08002999   Thumb Code    16  stm32f4xx_usart.o(.text)
    USART_OverSampling8Cmd                   0x080029a9   Thumb Code    20  stm32f4xx_usart.o(.text)
    USART_OneBitMethodCmd                    0x080029bd   Thumb Code    20  stm32f4xx_usart.o(.text)
    USART_SendData                           0x080029d1   Thumb Code     8  stm32f4xx_usart.o(.text)
    USART_ReceiveData                        0x080029d9   Thumb Code     8  stm32f4xx_usart.o(.text)
    USART_SetAddress                         0x080029e1   Thumb Code    16  stm32f4xx_usart.o(.text)
    USART_ReceiverWakeUpCmd                  0x080029f1   Thumb Code    20  stm32f4xx_usart.o(.text)
    USART_WakeUpConfig                       0x08002a05   Thumb Code    16  stm32f4xx_usart.o(.text)
    USART_LINBreakDetectLengthConfig         0x08002a15   Thumb Code    16  stm32f4xx_usart.o(.text)
    USART_LINCmd                             0x08002a25   Thumb Code    20  stm32f4xx_usart.o(.text)
    USART_SendBreak                          0x08002a39   Thumb Code    10  stm32f4xx_usart.o(.text)
    USART_HalfDuplexCmd                      0x08002a43   Thumb Code    20  stm32f4xx_usart.o(.text)
    USART_SetGuardTime                       0x08002a57   Thumb Code    16  stm32f4xx_usart.o(.text)
    USART_SmartCardCmd                       0x08002a67   Thumb Code    20  stm32f4xx_usart.o(.text)
    USART_SmartCardNACKCmd                   0x08002a7b   Thumb Code    20  stm32f4xx_usart.o(.text)
    USART_IrDAConfig                         0x08002a8f   Thumb Code    16  stm32f4xx_usart.o(.text)
    USART_IrDACmd                            0x08002a9f   Thumb Code    20  stm32f4xx_usart.o(.text)
    USART_DMACmd                             0x08002ab3   Thumb Code    16  stm32f4xx_usart.o(.text)
    USART_ITConfig                           0x08002ac3   Thumb Code    48  stm32f4xx_usart.o(.text)
    USART_GetFlagStatus                      0x08002af3   Thumb Code    14  stm32f4xx_usart.o(.text)
    USART_ClearFlag                          0x08002b01   Thumb Code     6  stm32f4xx_usart.o(.text)
    USART_GetITStatus                        0x08002b07   Thumb Code    62  stm32f4xx_usart.o(.text)
    USART_ClearITPendingBit                  0x08002b45   Thumb Code    12  stm32f4xx_usart.o(.text)
    SPI_I2S_DeInit                           0x08002b71   Thumb Code   108  stm32f4xx_spi.o(.text)
    SPI_Init                                 0x08002bdd   Thumb Code    56  stm32f4xx_spi.o(.text)
    I2S_Init                                 0x08002c15   Thumb Code   198  stm32f4xx_spi.o(.text)
    SPI_StructInit                           0x08002cdb   Thumb Code    24  stm32f4xx_spi.o(.text)
    I2S_StructInit                           0x08002cf3   Thumb Code    18  stm32f4xx_spi.o(.text)
    SPI_Cmd                                  0x08002d05   Thumb Code    20  stm32f4xx_spi.o(.text)
    I2S_Cmd                                  0x08002d19   Thumb Code    20  stm32f4xx_spi.o(.text)
    SPI_DataSizeConfig                       0x08002d2d   Thumb Code    16  stm32f4xx_spi.o(.text)
    SPI_BiDirectionalLineConfig              0x08002d3d   Thumb Code    22  stm32f4xx_spi.o(.text)
    SPI_NSSInternalSoftwareConfig            0x08002d53   Thumb Code    24  stm32f4xx_spi.o(.text)
    SPI_SSOutputCmd                          0x08002d6b   Thumb Code    20  stm32f4xx_spi.o(.text)
    SPI_TIModeCmd                            0x08002d7f   Thumb Code    20  stm32f4xx_spi.o(.text)
    I2S_FullDuplexConfig                     0x08002d93   Thumb Code    58  stm32f4xx_spi.o(.text)
    SPI_I2S_ReceiveData                      0x08002dcd   Thumb Code     4  stm32f4xx_spi.o(.text)
    SPI_I2S_SendData                         0x08002dd1   Thumb Code     4  stm32f4xx_spi.o(.text)
    SPI_CalculateCRC                         0x08002dd5   Thumb Code    20  stm32f4xx_spi.o(.text)
    SPI_TransmitCRC                          0x08002de9   Thumb Code    10  stm32f4xx_spi.o(.text)
    SPI_GetCRC                               0x08002df3   Thumb Code    12  stm32f4xx_spi.o(.text)
    SPI_GetCRCPolynomial                     0x08002dff   Thumb Code     4  stm32f4xx_spi.o(.text)
    SPI_I2S_DMACmd                           0x08002e03   Thumb Code    16  stm32f4xx_spi.o(.text)
    SPI_I2S_ITConfig                         0x08002e13   Thumb Code    24  stm32f4xx_spi.o(.text)
    SPI_I2S_GetFlagStatus                    0x08002e2b   Thumb Code    14  stm32f4xx_spi.o(.text)
    SPI_I2S_ClearFlag                        0x08002e39   Thumb Code     6  stm32f4xx_spi.o(.text)
    SPI_I2S_GetITStatus                      0x08002e3f   Thumb Code    44  stm32f4xx_spi.o(.text)
    SPI_I2S_ClearITPendingBit                0x08002e6b   Thumb Code    14  stm32f4xx_spi.o(.text)
    DMA2D_DeInit                             0x08002e9d   Thumb Code    24  stm32f4xx_dma2d.o(.text)
    DMA2D_Init                               0x08002eb5   Thumb Code   170  stm32f4xx_dma2d.o(.text)
    DMA2D_StructInit                         0x08002f5f   Thumb Code    24  stm32f4xx_dma2d.o(.text)
    DMA2D_StartTransfer                      0x08002f77   Thumb Code    12  stm32f4xx_dma2d.o(.text)
    DMA2D_AbortTransfer                      0x08002f83   Thumb Code    12  stm32f4xx_dma2d.o(.text)
    DMA2D_Suspend                            0x08002f8f   Thumb Code    22  stm32f4xx_dma2d.o(.text)
    DMA2D_FGConfig                           0x08002fa5   Thumb Code    98  stm32f4xx_dma2d.o(.text)
    DMA2D_FG_StructInit                      0x08003007   Thumb Code    26  stm32f4xx_dma2d.o(.text)
    DMA2D_BGConfig                           0x08003021   Thumb Code    98  stm32f4xx_dma2d.o(.text)
    DMA2D_BG_StructInit                      0x08003083   Thumb Code    26  stm32f4xx_dma2d.o(.text)
    DMA2D_FGStart                            0x0800309d   Thumb Code    22  stm32f4xx_dma2d.o(.text)
    DMA2D_BGStart                            0x080030b3   Thumb Code    22  stm32f4xx_dma2d.o(.text)
    DMA2D_DeadTimeConfig                     0x080030c9   Thumb Code    38  stm32f4xx_dma2d.o(.text)
    DMA2D_LineWatermarkConfig                0x080030ef   Thumb Code     6  stm32f4xx_dma2d.o(.text)
    DMA2D_ITConfig                           0x080030f5   Thumb Code    18  stm32f4xx_dma2d.o(.text)
    DMA2D_GetFlagStatus                      0x08003107   Thumb Code    16  stm32f4xx_dma2d.o(.text)
    DMA2D_ClearFlag                          0x08003117   Thumb Code     6  stm32f4xx_dma2d.o(.text)
    DMA2D_GetITStatus                        0x0800311d   Thumb Code    32  stm32f4xx_dma2d.o(.text)
    DMA2D_ClearITPendingBit                  0x0800313d   Thumb Code     8  stm32f4xx_dma2d.o(.text)
    LTDC_DeInit                              0x08003151   Thumb Code    24  stm32f4xx_ltdc.o(.text)
    LTDC_Init                                0x08003169   Thumb Code   156  stm32f4xx_ltdc.o(.text)
    LTDC_StructInit                          0x08003205   Thumb Code    34  stm32f4xx_ltdc.o(.text)
    LTDC_Cmd                                 0x08003227   Thumb Code    24  stm32f4xx_ltdc.o(.text)
    LTDC_DitherCmd                           0x0800323f   Thumb Code    24  stm32f4xx_ltdc.o(.text)
    LTDC_GetRGBWidth                         0x08003257   Thumb Code    38  stm32f4xx_ltdc.o(.text)
    LTDC_RGBStructInit                       0x0800327d   Thumb Code    10  stm32f4xx_ltdc.o(.text)
    LTDC_LIPConfig                           0x08003287   Thumb Code     8  stm32f4xx_ltdc.o(.text)
    LTDC_ReloadConfig                        0x0800328f   Thumb Code     8  stm32f4xx_ltdc.o(.text)
    LTDC_LayerInit                           0x08003297   Thumb Code   150  stm32f4xx_ltdc.o(.text)
    LTDC_LayerStructInit                     0x0800332d   Thumb Code    44  stm32f4xx_ltdc.o(.text)
    LTDC_LayerCmd                            0x08003359   Thumb Code    20  stm32f4xx_ltdc.o(.text)
    LTDC_GetPosStatus                        0x0800336d   Thumb Code    24  stm32f4xx_ltdc.o(.text)
    LTDC_PosStructInit                       0x08003385   Thumb Code     8  stm32f4xx_ltdc.o(.text)
    LTDC_GetCDStatus                         0x0800338d   Thumb Code    18  stm32f4xx_ltdc.o(.text)
    LTDC_ColorKeyingConfig                   0x0800339f   Thumb Code    60  stm32f4xx_ltdc.o(.text)
    LTDC_ColorKeyingStructInit               0x080033db   Thumb Code    10  stm32f4xx_ltdc.o(.text)
    LTDC_CLUTCmd                             0x080033e5   Thumb Code    28  stm32f4xx_ltdc.o(.text)
    LTDC_CLUTInit                            0x08003401   Thumb Code    26  stm32f4xx_ltdc.o(.text)
    LTDC_CLUTStructInit                      0x0800341b   Thumb Code    12  stm32f4xx_ltdc.o(.text)
    LTDC_LayerPosition                       0x08003427   Thumb Code   114  stm32f4xx_ltdc.o(.text)
    LTDC_LayerAlpha                          0x08003499   Thumb Code     4  stm32f4xx_ltdc.o(.text)
    LTDC_LayerAddress                        0x0800349d   Thumb Code     4  stm32f4xx_ltdc.o(.text)
    LTDC_LayerSize                           0x080034a1   Thumb Code    86  stm32f4xx_ltdc.o(.text)
    LTDC_LayerPixelFormat                    0x080034f7   Thumb Code   110  stm32f4xx_ltdc.o(.text)
    LTDC_ITConfig                            0x08003565   Thumb Code    18  stm32f4xx_ltdc.o(.text)
    LTDC_GetFlagStatus                       0x08003577   Thumb Code    18  stm32f4xx_ltdc.o(.text)
    LTDC_ClearFlag                           0x08003589   Thumb Code     8  stm32f4xx_ltdc.o(.text)
    LTDC_GetITStatus                         0x08003591   Thumb Code    32  stm32f4xx_ltdc.o(.text)
    LTDC_ClearITPendingBit                   0x080035b1   Thumb Code     8  stm32f4xx_ltdc.o(.text)
    FMC_NORSRAMDeInit                        0x080035bd   Thumb Code    38  stm32f4xx_fmc.o(.text)
    FMC_NORSRAMInit                          0x080035e3   Thumb Code   256  stm32f4xx_fmc.o(.text)
    FMC_NORSRAMStructInit                    0x080036e3   Thumb Code    46  stm32f4xx_fmc.o(.text)
    FMC_NORSRAMCmd                           0x08003711   Thumb Code    26  stm32f4xx_fmc.o(.text)
    FMC_NANDDeInit                           0x0800372b   Thumb Code    40  stm32f4xx_fmc.o(.text)
    FMC_NANDInit                             0x08003753   Thumb Code   104  stm32f4xx_fmc.o(.text)
    FMC_NANDStructInit                       0x080037bb   Thumb Code    54  stm32f4xx_fmc.o(.text)
    FMC_NANDCmd                              0x080037f1   Thumb Code    54  stm32f4xx_fmc.o(.text)
    FMC_NANDECCCmd                           0x08003827   Thumb Code    54  stm32f4xx_fmc.o(.text)
    FMC_GetECC                               0x0800385d   Thumb Code    18  stm32f4xx_fmc.o(.text)
    FMC_PCCARDDeInit                         0x0800386f   Thumb Code    26  stm32f4xx_fmc.o(.text)
    FMC_PCCARDInit                           0x08003889   Thumb Code   102  stm32f4xx_fmc.o(.text)
    FMC_PCCARDStructInit                     0x080038ef   Thumb Code    60  stm32f4xx_fmc.o(.text)
    FMC_PCCARDCmd                            0x0800392b   Thumb Code    28  stm32f4xx_fmc.o(.text)
    FMC_SDRAMDeInit                          0x08003947   Thumb Code    42  stm32f4xx_fmc.o(.text)
    FMC_SDRAMInit                            0x08003971   Thumb Code   232  stm32f4xx_fmc.o(.text)
    FMC_SDRAMStructInit                      0x08003a59   Thumb Code    60  stm32f4xx_fmc.o(.text)
    FMC_SDRAMCmdConfig                       0x08003a95   Thumb Code    34  stm32f4xx_fmc.o(.text)
    FMC_GetModeStatus                        0x08003ab7   Thumb Code    26  stm32f4xx_fmc.o(.text)
    FMC_SetRefreshCount                      0x08003ad1   Thumb Code    18  stm32f4xx_fmc.o(.text)
    FMC_SetAutoRefresh_Number                0x08003ae3   Thumb Code    18  stm32f4xx_fmc.o(.text)
    FMC_SDRAMWriteProtectionConfig           0x08003af5   Thumb Code    32  stm32f4xx_fmc.o(.text)
    FMC_ITConfig                             0x08003b15   Thumb Code   102  stm32f4xx_fmc.o(.text)
    FMC_GetFlagStatus                        0x08003b7b   Thumb Code    54  stm32f4xx_fmc.o(.text)
    FMC_ClearFlag                            0x08003bb1   Thumb Code    56  stm32f4xx_fmc.o(.text)
    FMC_GetITStatus                          0x08003be9   Thumb Code    80  stm32f4xx_fmc.o(.text)
    FMC_ClearITPendingBit                    0x08003c39   Thumb Code    62  stm32f4xx_fmc.o(.text)
    DMA_DeInit                               0x08003c79   Thumb Code   272  stm32f4xx_dma.o(.text)
    DMA_Init                                 0x08003d89   Thumb Code    80  stm32f4xx_dma.o(.text)
    DMA_StructInit                           0x08003dd9   Thumb Code    34  stm32f4xx_dma.o(.text)
    DMA_Cmd                                  0x08003dfb   Thumb Code    20  stm32f4xx_dma.o(.text)
    DMA_PeriphIncOffsetSizeConfig            0x08003e0f   Thumb Code    20  stm32f4xx_dma.o(.text)
    DMA_FlowControllerConfig                 0x08003e23   Thumb Code    20  stm32f4xx_dma.o(.text)
    DMA_SetCurrDataCounter                   0x08003e37   Thumb Code     4  stm32f4xx_dma.o(.text)
    DMA_GetCurrDataCounter                   0x08003e3b   Thumb Code     6  stm32f4xx_dma.o(.text)
    DMA_DoubleBufferModeConfig               0x08003e41   Thumb Code    22  stm32f4xx_dma.o(.text)
    DMA_DoubleBufferModeCmd                  0x08003e57   Thumb Code    20  stm32f4xx_dma.o(.text)
    DMA_MemoryTargetConfig                   0x08003e6b   Thumb Code    10  stm32f4xx_dma.o(.text)
    DMA_GetCurrentMemoryTarget               0x08003e75   Thumb Code    14  stm32f4xx_dma.o(.text)
    DMA_GetCmdStatus                         0x08003e83   Thumb Code    14  stm32f4xx_dma.o(.text)
    DMA_GetFIFOStatus                        0x08003e91   Thumb Code     8  stm32f4xx_dma.o(.text)
    DMA_GetFlagStatus                        0x08003e99   Thumb Code    42  stm32f4xx_dma.o(.text)
    DMA_ClearFlag                            0x08003ec3   Thumb Code    34  stm32f4xx_dma.o(.text)
    DMA_ITConfig                             0x08003ee5   Thumb Code    44  stm32f4xx_dma.o(.text)
    DMA_GetITStatus                          0x08003f11   Thumb Code    70  stm32f4xx_dma.o(.text)
    DMA_ClearITPendingBit                    0x08003f57   Thumb Code    34  stm32f4xx_dma.o(.text)
    ADC_DeInit                               0x08003f99   Thumb Code    24  stm32f4xx_adc.o(.text)
    ADC_Init                                 0x08003fb1   Thumb Code    66  stm32f4xx_adc.o(.text)
    ADC_StructInit                           0x08003ff3   Thumb Code    20  stm32f4xx_adc.o(.text)
    ADC_CommonInit                           0x08004007   Thumb Code    34  stm32f4xx_adc.o(.text)
    ADC_CommonStructInit                     0x08004029   Thumb Code    12  stm32f4xx_adc.o(.text)
    ADC_Cmd                                  0x08004035   Thumb Code    20  stm32f4xx_adc.o(.text)
    ADC_AnalogWatchdogCmd                    0x08004049   Thumb Code    12  stm32f4xx_adc.o(.text)
    ADC_AnalogWatchdogThresholdsConfig       0x08004055   Thumb Code     6  stm32f4xx_adc.o(.text)
    ADC_AnalogWatchdogSingleChannelConfig    0x0800405b   Thumb Code    12  stm32f4xx_adc.o(.text)
    ADC_TempSensorVrefintCmd                 0x08004067   Thumb Code    26  stm32f4xx_adc.o(.text)
    ADC_VBATCmd                              0x08004081   Thumb Code    26  stm32f4xx_adc.o(.text)
    ADC_RegularChannelConfig                 0x0800409b   Thumb Code   116  stm32f4xx_adc.o(.text)
    ADC_SoftwareStartConv                    0x0800410f   Thumb Code    10  stm32f4xx_adc.o(.text)
    ADC_GetSoftwareStartConvStatus           0x08004119   Thumb Code    14  stm32f4xx_adc.o(.text)
    ADC_EOCOnEachRegularChannelCmd           0x08004127   Thumb Code    20  stm32f4xx_adc.o(.text)
    ADC_ContinuousModeCmd                    0x0800413b   Thumb Code    20  stm32f4xx_adc.o(.text)
    ADC_DiscModeChannelCountConfig           0x0800414f   Thumb Code    16  stm32f4xx_adc.o(.text)
    ADC_DiscModeCmd                          0x0800415f   Thumb Code    20  stm32f4xx_adc.o(.text)
    ADC_GetConversionValue                   0x08004173   Thumb Code     6  stm32f4xx_adc.o(.text)
    ADC_GetMultiModeConversionValue          0x08004179   Thumb Code     8  stm32f4xx_adc.o(.text)
    ADC_DMACmd                               0x08004181   Thumb Code    20  stm32f4xx_adc.o(.text)
    ADC_DMARequestAfterLastTransferCmd       0x08004195   Thumb Code    20  stm32f4xx_adc.o(.text)
    ADC_MultiModeDMARequestAfterLastTransferCmd 0x080041a9   Thumb Code    26  stm32f4xx_adc.o(.text)
    ADC_InjectedChannelConfig                0x080041c3   Thumb Code    74  stm32f4xx_adc.o(.text)
    ADC_InjectedSequencerLengthConfig        0x0800420d   Thumb Code    16  stm32f4xx_adc.o(.text)
    ADC_SetInjectedOffset                    0x0800421d   Thumb Code    10  stm32f4xx_adc.o(.text)
    ADC_ExternalTrigInjectedConvConfig       0x08004227   Thumb Code    12  stm32f4xx_adc.o(.text)
    ADC_ExternalTrigInjectedConvEdgeConfig   0x08004233   Thumb Code    12  stm32f4xx_adc.o(.text)
    ADC_SoftwareStartInjectedConv            0x0800423f   Thumb Code    10  stm32f4xx_adc.o(.text)
    ADC_GetSoftwareStartInjectedConvCmdStatus 0x08004249   Thumb Code    14  stm32f4xx_adc.o(.text)
    ADC_AutoInjectedConvCmd                  0x08004257   Thumb Code    20  stm32f4xx_adc.o(.text)
    ADC_InjectedDiscModeCmd                  0x0800426b   Thumb Code    20  stm32f4xx_adc.o(.text)
    ADC_GetInjectedConversionValue           0x0800427f   Thumb Code    14  stm32f4xx_adc.o(.text)
    ADC_ITConfig                             0x0800428d   Thumb Code    18  stm32f4xx_adc.o(.text)
    ADC_GetFlagStatus                        0x0800429f   Thumb Code    14  stm32f4xx_adc.o(.text)
    ADC_ClearFlag                            0x080042ad   Thumb Code     6  stm32f4xx_adc.o(.text)
    ADC_GetITStatus                          0x080042b3   Thumb Code    30  stm32f4xx_adc.o(.text)
    ADC_ClearITPendingBit                    0x080042d1   Thumb Code     8  stm32f4xx_adc.o(.text)
    __aeabi_dmul                             0x080042ed   Thumb Code   228  dmul.o(.text)
    __aeabi_ui2d                             0x080043d1   Thumb Code    26  dfltui.o(.text)
    __aeabi_d2uiz                            0x080043eb   Thumb Code    50  dfixui.o(.text)
    __aeabi_uidiv                            0x0800441d   Thumb Code     0  uidiv.o(.text)
    __aeabi_uidivmod                         0x0800441d   Thumb Code    44  uidiv.o(.text)
    __aeabi_llsr                             0x08004449   Thumb Code    32  llushr.o(.text)
    _ll_ushift_r                             0x08004449   Thumb Code     0  llushr.o(.text)
    __I$use$fp                               0x08004469   Thumb Code     0  iusefp.o(.text)
    _double_round                            0x08004469   Thumb Code    30  depilogue.o(.text)
    _double_epilogue                         0x08004487   Thumb Code   156  depilogue.o(.text)
    __scatterload                            0x08004525   Thumb Code    28  init.o(.text)
    __scatterload_rt2                        0x08004525   Thumb Code     0  init.o(.text)
    __aeabi_llsl                             0x08004549   Thumb Code    30  llshl.o(.text)
    _ll_shift_l                              0x08004549   Thumb Code     0  llshl.o(.text)
    __0sprintf$6                             0x08004569   Thumb Code    34  printf6.o(i.__0sprintf$6)
    __1sprintf$6                             0x08004569   Thumb Code     0  printf6.o(i.__0sprintf$6)
    __2sprintf                               0x08004569   Thumb Code     0  printf6.o(i.__0sprintf$6)
    __scatterload_copy                       0x08004591   Thumb Code    14  handlers.o(i.__scatterload_copy)
    __scatterload_null                       0x0800459f   Thumb Code     2  handlers.o(i.__scatterload_null)
    __scatterload_zeroinit                   0x080045a1   Thumb Code    14  handlers.o(i.__scatterload_zeroinit)
    ASCII16x24_Table                         0x080048fc   Data        4560  stm32f429i_discovery_lcd.o(.constdata)
    FMC_DefaultTimingStruct                  0x08005acc   Data          28  stm32f4xx_fmc.o(.constdata)
    Region$$Table$$Base                      0x08005ae8   Number         0  anon$$obj.o(Region$$Table)
    Region$$Table$$Limit                     0x08005b08   Number         0  anon$$obj.o(Region$$Table)
    uhADC3ConvertedValue                     0x20000000   Data           2  main.o(.data)
    uwADC3ConvertedVoltage                   0x20000010   Data           4  main.o(.data)
    SystemCoreClock                          0x20000014   Data           4  system_stm32f4xx.o(.data)
    AHBPrescTable                            0x20000018   Data          16  system_stm32f4xx.o(.data)
    Font16x24                                0x20000038   Data           8  stm32f429i_discovery_lcd.o(.data)
    __initial_sp                             0x20000450   Data           0  startup_stm32f429_439xx.o(STACK)



==============================================================================

Memory Map of the image

  Image Entry point : 0x080020b5

  Load Region LR_1 (Base: 0x08000000, Size: 0x00005b58, Max: 0xffffffff, ABSOLUTE)

    Execution Region ER_RO (Base: 0x08000000, Size: 0x00005b08, Max: 0xffffffff, ABSOLUTE)

    Base Addr    Size         Type   Attr      Idx    E Section Name        Object

    0x08000000   0x000001ac   Data   RO          424    RESET               startup_stm32f429_439xx.o
    0x080001ac   0x00000000   Code   RO          715  * .ARM.Collect$$$$00000000  mc_w.l(entry.o)
    0x080001ac   0x00000004   Code   RO          987    .ARM.Collect$$$$00000001  mc_w.l(entry2.o)
    0x080001b0   0x00000004   Code   RO          990    .ARM.Collect$$$$00000004  mc_w.l(entry5.o)
    0x080001b4   0x00000000   Code   RO          992    .ARM.Collect$$$$00000008  mc_w.l(entry7b.o)
    0x080001b4   0x00000000   Code   RO          994    .ARM.Collect$$$$0000000A  mc_w.l(entry8b.o)
    0x080001b4   0x00000008   Code   RO          995    .ARM.Collect$$$$0000000B  mc_w.l(entry9a.o)
    0x080001bc   0x00000000   Code   RO          997    .ARM.Collect$$$$0000000D  mc_w.l(entry10a.o)
    0x080001bc   0x00000000   Code   RO          999    .ARM.Collect$$$$0000000F  mc_w.l(entry11a.o)
    0x080001bc   0x00000004   Code   RO          988    .ARM.Collect$$$$00002712  mc_w.l(entry2.o)
    0x080001c0   0x0000037c   Code   RO            3    .text               main.o
    0x0800053c   0x00000104   Code   RO          191    .text               configuration.o
    0x08000640   0x00000044   Code   RO          234    .text               stm32f4xx_it.o
    0x08000684   0x00000198   Code   RO          257    .text               system_stm32f4xx.o
    0x0800081c   0x00001514   Code   RO          367    .text               stm32f429i_discovery_lcd.o
    0x08001d30   0x00000384   Code   RO          404    .text               stm32f429i_discovery_sdram.o
    0x080020b4   0x00000024   Code   RO          425  * .text               startup_stm32f429_439xx.o
    0x080020d8   0x000000b0   Code   RO          431    .text               misc_1.o
    0x08002188   0x00000484   Code   RO          451    .text               stm32f4xx_rcc.o
    0x0800260c   0x0000020c   Code   RO          473    .text               stm32f4xx_gpio.o
    0x08002818   0x00000358   Code   RO          514    .text               stm32f4xx_usart.o
    0x08002b70   0x0000032c   Code   RO          534    .text               stm32f4xx_spi.o
    0x08002e9c   0x000002b4   Code   RO          554    .text               stm32f4xx_dma2d.o
    0x08003150   0x0000046c   Code   RO          574    .text               stm32f4xx_ltdc.o
    0x080035bc   0x000006ba   Code   RO          594    .text               stm32f4xx_fmc.o
    0x08003c76   0x00000002   PAD
    0x08003c78   0x00000320   Code   RO          617    .text               stm32f4xx_dma.o
    0x08003f98   0x00000354   Code   RO          677    .text               stm32f4xx_adc.o
    0x080042ec   0x000000e4   Code   RO          981    .text               mf_w.l(dmul.o)
    0x080043d0   0x0000001a   Code   RO          983    .text               mf_w.l(dfltui.o)
    0x080043ea   0x00000032   Code   RO          985    .text               mf_w.l(dfixui.o)
    0x0800441c   0x0000002c   Code   RO         1002    .text               mc_w.l(uidiv.o)
    0x08004448   0x00000020   Code   RO         1006    .text               mc_w.l(llushr.o)
    0x08004468   0x00000000   Code   RO         1008    .text               mc_w.l(iusefp.o)
    0x08004468   0x000000ba   Code   RO         1009    .text               mf_w.l(depilogue.o)
    0x08004522   0x00000002   PAD
    0x08004524   0x00000024   Code   RO         1019    .text               mc_w.l(init.o)
    0x08004548   0x0000001e   Code   RO         1021    .text               mc_w.l(llshl.o)
    0x08004566   0x00000002   PAD
    0x08004568   0x00000028   Code   RO          877    i.__0sprintf$6      mc_w.l(printf6.o)
    0x08004590   0x0000000e   Code   RO         1027    i.__scatterload_copy  mc_w.l(handlers.o)
    0x0800459e   0x00000002   Code   RO         1028    i.__scatterload_null  mc_w.l(handlers.o)
    0x080045a0   0x0000000e   Code   RO         1029    i.__scatterload_zeroinit  mc_w.l(handlers.o)
    0x080045ae   0x00000002   PAD
    0x080045b0   0x000002f0   Code   RO          882    i._printf_core      mc_w.l(printf6.o)
    0x080048a0   0x00000024   Code   RO          883    i._printf_post_padding  mc_w.l(printf6.o)
    0x080048c4   0x0000002e   Code   RO          884    i._printf_pre_padding  mc_w.l(printf6.o)
    0x080048f2   0x0000000a   Code   RO          886    i._sputc            mc_w.l(printf6.o)
    0x080048fc   0x000011d0   Data   RO          368    .constdata          stm32f429i_discovery_lcd.o
    0x08005acc   0x0000001c   Data   RO          595    .constdata          stm32f4xx_fmc.o
    0x08005ae8   0x00000020   Data   RO         1025    Region$$Table       anon$$obj.o


    Execution Region ER_RW (Base: 0x20000000, Size: 0x00000050, Max: 0xffffffff, ABSOLUTE)

    Base Addr    Size         Type   Attr      Idx    E Section Name        Object

    0x20000000   0x00000014   Data   RW            4    .data               main.o
    0x20000014   0x00000014   Data   RW          258    .data               system_stm32f4xx.o
    0x20000028   0x00000018   Data   RW          372    .data               stm32f429i_discovery_lcd.o
    0x20000040   0x00000010   Data   RW          452    .data               stm32f4xx_rcc.o


    Execution Region ER_ZI (Base: 0x20000050, Size: 0x00000400, Max: 0xffffffff, ABSOLUTE)

    Base Addr    Size         Type   Attr      Idx    E Section Name        Object

    0x20000050   0x00000400   Zero   RW          422    STACK               startup_stm32f429_439xx.o


==============================================================================

Image component sizes


      Code (inc. data)   RO Data    RW Data    ZI Data      Debug   Object Name

       260          8          0          0          0       1011   configuration.o
       892         90          0         20          0     338117   main.o
       176         12          0          0          0       2109   misc_1.o
        36          8        428          0       1024       1020   startup_stm32f429_439xx.o
      5396         74       4560         24          0      16463   stm32f429i_discovery_lcd.o
       900         28          0          0          0       2532   stm32f429i_discovery_sdram.o
       852         20          0          0          0       9434   stm32f4xx_adc.o
       800         32          0          0          0       6345   stm32f4xx_dma.o
       692         12          0          0          0       4947   stm32f4xx_dma2d.o
      1722         18         28          0          0       7698   stm32f4xx_fmc.o
       524         44          0          0          0       4089   stm32f4xx_gpio.o
        68          6          0          0          0       1666   stm32f4xx_it.o
      1132         18          0          0          0       7284   stm32f4xx_ltdc.o
      1156         48          0         16          0      11972   stm32f4xx_rcc.o
       812         36          0          0          0       6353   stm32f4xx_spi.o
       856         32          0          0          0       7076   stm32f4xx_usart.o
       408         36          0         20          0       2003   system_stm32f4xx.o

    ----------------------------------------------------------------------
     16684        522       5048         80       1024     430119   Object Totals
         0          0         32          0          0          0   (incl. Generated)
         2          0          0          0          0          0   (incl. Padding)

    ----------------------------------------------------------------------

      Code (inc. data)   RO Data    RW Data    ZI Data      Debug   Library Member Name

         0          0          0          0          0          0   entry.o
         0          0          0          0          0          0   entry10a.o
         0          0          0          0          0          0   entry11a.o
         8          4          0          0          0          0   entry2.o
         4          0          0          0          0          0   entry5.o
         0          0          0          0          0          0   entry7b.o
         0          0          0          0          0          0   entry8b.o
         8          4          0          0          0          0   entry9a.o
        30          0          0          0          0          0   handlers.o
        36          8          0          0          0         68   init.o
         0          0          0          0          0          0   iusefp.o
        30          0          0          0          0         68   llshl.o
        32          0          0          0          0         68   llushr.o
       884         10          0          0          0        420   printf6.o
        44          0          0          0          0         80   uidiv.o
       186          0          0          0          0        176   depilogue.o
        50          0          0          0          0         76   dfixui.o
        26          0          0          0          0         76   dfltui.o
       228          0          0          0          0         96   dmul.o

    ----------------------------------------------------------------------
      1572         26          0          0          0       1128   Library Totals
         6          0          0          0          0          0   (incl. Padding)

    ----------------------------------------------------------------------

      Code (inc. data)   RO Data    RW Data    ZI Data      Debug   Library Name

      1076         26          0          0          0        704   mc_w.l
       490          0          0          0          0        424   mf_w.l

    ----------------------------------------------------------------------
      1572         26          0          0          0       1128   Library Totals

    ----------------------------------------------------------------------

==============================================================================


      Code (inc. data)   RO Data    RW Data    ZI Data      Debug   

     18256        548       5048         80       1024     425779   Grand Totals
     18256        548       5048         80       1024     425779   ELF Image Totals
     18256        548       5048         80          0          0   ROM Totals

==============================================================================

    Total RO  Size (Code + RO Data)                23304 (  22.76kB)
    Total RW  Size (RW Data + ZI Data)              1104 (   1.08kB)
    Total ROM Size (Code + RO Data + RW Data)      23384 (  22.84kB)

==============================================================================

